[    0.000000] Booting Linux on physical CPU 0x0
[    0.000000] Linux version 4.14.34 (vagrant@ubuntu-bionic) (gcc version 4.9.3 (crosstool-NG crosstool-ng-1.22.0-88-g8460611)) #8 Mon Jul 2 02:08:10 UTC 2018
[    0.000000] CPU: ARMv6-compatible processor [410fb767] revision 7 (ARMv7), cr=00c5387d
[    0.000000] CPU: PIPT / VIPT nonaliasing data cache, VIPT nonaliasing instruction cache
[    0.000000] OF: fdt: Machine model: Raspberry Pi Zero W Rev 1.1
[    0.000000] Memory policy: Data cache writeback
[    0.000000] cma: Reserved 8 MiB at 0x1b400000
[    0.000000] On node 0 totalpages: 114688
[    0.000000] free_area_init_node: node 0, pgdat c09be368, node_mem_map db010000
[    0.000000]   Normal zone: 1008 pages used for memmap
[    0.000000]   Normal zone: 0 pages reserved
[    0.000000]   Normal zone: 114688 pages, LIFO batch:31
[    0.000000] random: fast init done
[    0.000000] pcpu-alloc: s0 r0 d32768 u32768 alloc=1*32768
[    0.000000] pcpu-alloc: [0] 0 
[    0.000000] Built 1 zonelists, mobility grouping on.  Total pages: 113680
[    0.000000] Kernel command line: 8250.nr_uarts=0 bcm2708_fb.fbwidth=656 bcm2708_fb.fbheight=416 bcm2708_fb.fbswap=1 smsc95xx.macaddr=B8:27:EB:FA:89:54 vc_mem.mem_base=0x1ec00000 vc_mem.mem_size=0x20000000  dwc_otg.lpm_enable=0 console=ttyS0,115200 console=tty1 root=PARTUUID=b20d9cdd-02 rootfstype=ext4 elevator=deadline fsck.repair=yes rootwait modules-load=dwc2,g_ether log_buf_len=16M
[    0.000000] log_buf_len: 16777216 bytes
[    0.000000] early log buf free: 129596(98%)
[    0.000000] PID hash table entries: 2048 (order: 1, 8192 bytes)
[    0.000000] Dentry cache hash table entries: 65536 (order: 6, 262144 bytes)
[    0.000000] Inode-cache hash table entries: 32768 (order: 5, 131072 bytes)
[    0.000000] Memory: 418880K/458752K available (6415K kernel code, 587K rwdata, 1984K rodata, 440K init, 677K bss, 31680K reserved, 8192K cma-reserved)
[    0.000000] Virtual kernel memory layout:
                   vector  : 0xffff0000 - 0xffff1000   (   4 kB)
                   fixmap  : 0xffc00000 - 0xfff00000   (3072 kB)
                   vmalloc : 0xdc800000 - 0xff800000   ( 560 MB)
                   lowmem  : 0xc0000000 - 0xdc000000   ( 448 MB)
                   modules : 0xbf000000 - 0xc0000000   (  16 MB)
                     .text : 0xc0008000 - 0xc064c1c8   (6417 kB)
                     .init : 0xc08c8000 - 0xc0936000   ( 440 kB)
                     .data : 0xc0936000 - 0xc09c8d10   ( 588 kB)
                      .bss : 0xc09ce65c - 0xc0a77ba4   ( 678 kB)
[    0.000000] SLUB: HWalign=32, Order=0-3, MinObjects=0, CPUs=1, Nodes=1
[    0.000000] ftrace: allocating 24080 entries in 71 pages
[    0.000000] NR_IRQS: 16, nr_irqs: 16, preallocated irqs: 16
[    0.000029] sched_clock: 32 bits at 1000kHz, resolution 1000ns, wraps every 2147483647500ns
[    0.000072] clocksource: timer: mask: 0xffffffff max_cycles: 0xffffffff, max_idle_ns: 1911260446275 ns
[    0.000164] bcm2835: system timer (irq = 27)
[    0.000733] Console: colour dummy device 80x30
[    0.001385] console [tty1] enabled
[    0.001437] Calibrating delay loop... 697.95 BogoMIPS (lpj=3489792)
[    0.060343] pid_max: default: 32768 minimum: 301
[    0.060857] Mount-cache hash table entries: 1024 (order: 0, 4096 bytes)
[    0.060912] Mountpoint-cache hash table entries: 1024 (order: 0, 4096 bytes)
[    0.062230] Disabling memory control group subsystem
[    0.062444] CPU: Testing write buffer coherency: ok
[    0.063557] Setting up static identity map for 0x8200 - 0x8238
[    0.064834] devtmpfs: initialized
[    0.074605] VFP support v0.3: implementor 41 architecture 1 part 20 variant b rev 5
[    0.075046] clocksource: jiffies: mask: 0xffffffff max_cycles: 0xffffffff, max_idle_ns: 19112604462750000 ns
[    0.075118] futex hash table entries: 256 (order: -1, 3072 bytes)
[    0.076470] pinctrl core: initialized pinctrl subsystem
[    0.077852] NET: Registered protocol family 16
[    0.080913] DMA: preallocated 1024 KiB pool for atomic coherent allocations
[    0.087236] hw-breakpoint: found 6 breakpoint and 1 watchpoint registers.
[    0.087307] hw-breakpoint: maximum watchpoint size is 4 bytes.
[    0.087454] Serial: AMBA PL011 UART driver
[    0.090174] bcm2835-mbox 2000b880.mailbox: mailbox enabled
[    0.091063] uart-pl011 20201000.serial: could not find pctldev for node /soc/gpio@7e200000/uart0_pins, deferring probe
[    0.129659] bcm2835-dma 20007000.dma: DMA legacy API manager at dc80d000, dmachans=0x1
[    0.132026] SCSI subsystem initialized
[    0.132303] usbcore: registered new interface driver usbfs
[    0.132441] usbcore: registered new interface driver hub
[    0.132675] usbcore: registered new device driver usb
[    0.140821] raspberrypi-firmware soc:firmware: Attached to firmware from 2018-04-16 18:16
[    0.142886] clocksource: Switched to clocksource timer
[    0.228173] VFS: Disk quotas dquot_6.6.0
[    0.228352] VFS: Dquot-cache hash table entries: 1024 (order 0, 4096 bytes)
[    0.228676] FS-Cache: Loaded
[    0.229052] CacheFiles: Loaded
[    0.245943] NET: Registered protocol family 2
[    0.247172] TCP established hash table entries: 4096 (order: 2, 16384 bytes)
[    0.247306] TCP bind hash table entries: 4096 (order: 2, 16384 bytes)
[    0.247426] TCP: Hash tables configured (established 4096 bind 4096)
[    0.247604] UDP hash table entries: 256 (order: 0, 4096 bytes)
[    0.247664] UDP-Lite hash table entries: 256 (order: 0, 4096 bytes)
[    0.248043] NET: Registered protocol family 1
[    0.248775] RPC: Registered named UNIX socket transport module.
[    0.248832] RPC: Registered udp transport module.
[    0.248860] RPC: Registered tcp transport module.
[    0.248884] RPC: Registered tcp NFSv4.1 backchannel transport module.
[    0.250858] hw perfevents: no irqs for PMU, sampling events not supported
[    0.250982] hw perfevents: enabled with armv6_1176 PMU driver, 3 counters available
[    0.254810] workingset: timestamp_bits=14 max_order=17 bucket_order=3
[    0.266590] FS-Cache: Netfs 'nfs' registered for caching
[    0.267937] NFS: Registering the id_resolver key type
[    0.268031] Key type id_resolver registered
[    0.268063] Key type id_legacy registered
[    0.268111] nfs4filelayout_init: NFSv4 File Layout Driver Registering...
[    0.272616] Block layer SCSI generic (bsg) driver version 0.4 loaded (major 251)
[    0.273196] io scheduler noop registered
[    0.273252] io scheduler deadline registered (default)
[    0.273815] io scheduler cfq registered
[    0.273864] io scheduler mq-deadline registered
[    0.273894] io scheduler kyber registered
[    0.276190] BCM2708FB: allocated DMA memory 5b500000
[    0.276303] BCM2708FB: allocated DMA channel 0 @ dc80d000
[    0.284383] Console: switching to colour frame buffer device 82x26
[    0.294786] bcm2835-rng 20104000.rng: hwrng registered
[    0.297716] vc-mem: phys_addr:0x00000000 mem_base=0x1ec00000 mem_size:0x20000000(512 MiB)
[    0.304217] vc-sm: Videocore shared memory driver
[    0.307577] gpiomem-bcm2835 20200000.gpiomem: Initialised: Registers at 0x20200000
[    0.331248] brd: module loaded
[    0.346017] loop: module loaded
[    0.348678] Loading iSCSI transport class v2.0-870.
[    0.352200] usbcore: registered new interface driver smsc95xx
[    0.355048] dwc_otg: version 3.00a 10-AUG-2012 (platform bus)
[    0.357899] dwc_otg: FIQ enabled
[    0.357908] dwc_otg: NAK holdoff enabled
[    0.357913] dwc_otg: FIQ split-transaction FSM enabled
[    0.357929] Module dwc_common_port init
[    0.358354] usbcore: registered new interface driver usb-storage
[    0.361402] mousedev: PS/2 mouse device common for all mice
[    0.364214] IR NEC protocol handler initialized
[    0.366859] IR RC5(x/sz) protocol handler initialized
[    0.369491] IR RC6 protocol handler initialized
[    0.372135] IR JVC protocol handler initialized
[    0.374846] IR Sony protocol handler initialized
[    0.377461] IR SANYO protocol handler initialized
[    0.380047] IR Sharp protocol handler initialized
[    0.382561] IR MCE Keyboard/mouse protocol handler initialized
[    0.385153] IR XMP protocol handler initialized
[    0.388922] bcm2835-wdt 20100000.watchdog: Broadcom BCM2835 watchdog timer
[    0.392098] bcm2835-cpufreq: min=700000 max=1000000
[    0.395274] sdhci: Secure Digital Host Controller Interface driver
[    0.397799] sdhci: Copyright(c) Pierre Ossman
[    0.400811] mmc-bcm2835 20300000.mmc: could not get clk, deferring probe
[    0.404166] sdhost-bcm2835 20202000.mmc: could not get clk, deferring probe
[    0.407056] sdhci-pltfm: SDHCI platform and OF driver helper
[    0.410260] ledtrig-cpu: registered to indicate activity on CPUs
[    0.413138] hidraw: raw HID events driver (C) Jiri Kosina
[    0.416050] usbcore: registered new interface driver usbhid
[    0.418704] usbhid: USB HID core driver
[    0.422190] vchiq: vchiq_init_state: slot_zero = db580000, is_master = 0
[    0.426930] [vc_sm_connected_init]: start
[    0.437271] [vc_sm_connected_init]: end - returning 0
[    0.441004] Initializing XFRM netlink socket
[    0.443938] NET: Registered protocol family 17
[    0.446751] Key type dns_resolver registered
[    0.451198] registered taskstats version 1
[    0.462099] uart-pl011 20201000.serial: cts_event_workaround enabled
[    0.465303] 20201000.serial: ttyAMA0 at MMIO 0x20201000 (irq = 81, base_baud = 0) is a PL011 rev2
[    0.473993] mmc-bcm2835 20300000.mmc: mmc_debug:0 mmc_debug2:0
[    0.476992] mmc-bcm2835 20300000.mmc: DMA channel allocated
[    0.535434] sdhost: log_buf @ db510000 (5b510000)
[    0.575513] mmc1: queuing unknown CIS tuple 0x80 (2 bytes)
[    0.580068] mmc1: queuing unknown CIS tuple 0x80 (3 bytes)
[    0.584453] mmc1: queuing unknown CIS tuple 0x80 (3 bytes)
[    0.589967] mmc1: queuing unknown CIS tuple 0x80 (7 bytes)
[    0.622992] mmc0: sdhost-bcm2835 loaded - DMA enabled (>1)
[    0.626721] of_cfs_init
[    0.629183] of_cfs_init: OK
[    0.632409] Waiting for root device PARTUUID=b20d9cdd-02...
[    0.710970] mmc0: host does not support reading read-only switch, assuming write-enable
[    0.718343] mmc0: new high speed SDHC card at address 0001
[    0.721854] mmcblk0: mmc0:0001 00000 7.36 GiB
[    0.727480]  mmcblk0: p1 p2
[    0.744750] mmc1: new high speed SDIO card at address 0001
[    0.765786] EXT4-fs (mmcblk0p2): mounted filesystem with ordered data mode. Opts: (null)
[    0.770957] VFS: Mounted root (ext4 filesystem) readonly on device 179:2.
[    0.784578] devtmpfs: mounted
[    0.789593] Freeing unused kernel memory: 440K
[    0.792163] This architecture does not have kernel memory protection.
[    1.349678] systemd[1]: System time before build time, advancing clock.
[    1.498353] NET: Registered protocol family 10
[    1.503375] Segment Routing with IPv6
[    1.529902] ip_tables: (C) 2000-2006 Netfilter Core Team
[    1.569264] systemd[1]: systemd 232 running in system mode. (+PAM +AUDIT +SELINUX +IMA +APPARMOR +SMACK +SYSVINIT +UTMP +LIBCRYPTSETUP +GCRYPT +GNUTLS +ACL +XZ +LZ4 +SECCOMP +BLKID +ELFUTILS +KMOD +IDN)
[    1.579740] systemd[1]: Detected architecture arm.
[    1.596590] systemd[1]: Set hostname to <raspberrypi>.
[    2.665457] systemd[1]: Listening on fsck to fsckd communication Socket.
[    2.674282] systemd[1]: Listening on udev Control Socket.
[    2.683107] systemd[1]: Created slice System Slice.
[    2.691716] systemd[1]: Created slice system-systemd\x2dfsck.slice.
[    2.699763] systemd[1]: Listening on Journal Socket.
[    2.713854] systemd[1]: Starting Create list of required static device nodes for the current kernel...
[    2.733898] systemd[1]: Listening on udev Kernel Socket.
[    3.291903] dwc2 20980000.usb: 20980000.usb supply vusb_d not found, using dummy regulator
[    3.323215] dwc2 20980000.usb: 20980000.usb supply vusb_a not found, using dummy regulator
[    3.783174] dwc2 20980000.usb: EPs: 8, dedicated fifos, 4080 entries in SPRAM
[    3.791744] dwc2 20980000.usb: DWC OTG Controller
[    3.808390] dwc2 20980000.usb: new USB bus registered, assigned bus number 1
[    3.811578] dwc2 20980000.usb: irq 33, io mem 0x20980000
[    3.863828] usb usb1: New USB device found, idVendor=1d6b, idProduct=0002
[    3.866891] usb usb1: New USB device strings: Mfr=3, Product=2, SerialNumber=1
[    3.869822] usb usb1: Product: DWC OTG Controller
[    3.872638] usb usb1: Manufacturer: Linux 4.14.34 dwc2_hsotg
[    3.875585] usb usb1: SerialNumber: 20980000.usb
[    3.962230] hub 1-0:1.0: USB hub found
[    3.973082] hub 1-0:1.0: 1 port detected
[    4.134382] using random self ethernet address
[    4.137156] using random host ethernet address
[    4.140960] usb0: HOST MAC 7a:56:63:bd:8a:22
[    4.162255] usb0: MAC a6:0b:11:55:82:82
[    4.177635] using random self ethernet address
[    4.180382] using random host ethernet address
[    4.196517] g_ether gadget: Ethernet Gadget, version: Memorial Day 2008
[    4.199195] g_ether gadget: g_ether ready
[    4.201547] dwc2 20980000.usb: bound driver g_ether
[    4.460789] dwc2 20980000.usb: new device is high-speed
[    4.515967] dwc2 20980000.usb: new device is high-speed
[    4.537460] dwc2 20980000.usb: new address 2
[    4.547773] g_ether gadget: high-speed config #1: CDC Ethernet (ECM)
[    4.904241] EXT4-fs (mmcblk0p2): re-mounted. Opts: (null)
[    5.674299] systemd-journald[79]: Received request to flush runtime journal from PID 1
[    8.821716] snd_bcm2835: module is from the staging directory, the quality is unknown, you have been warned.
[    8.885853] bcm2835_alsa bcm2835_alsa: card created with 8 channels
[    9.355032] brcmfmac: brcmfmac_module_init No platform data available.
[    9.355336] brcmfmac: brcmf_ops_sdio_probe Enter
[    9.355351] brcmfmac: brcmf_ops_sdio_probe Class=0
[    9.355361] brcmfmac: brcmf_ops_sdio_probe sdio vendor ID: 0x02d0
[    9.355369] brcmfmac: brcmf_ops_sdio_probe sdio device ID: 0xa9a6
[    9.355376] brcmfmac: brcmf_ops_sdio_probe Function#: 1
[    9.355600] brcmfmac: brcmf_ops_sdio_probe Enter
[    9.355614] brcmfmac: brcmf_ops_sdio_probe Class=0
[    9.355621] brcmfmac: brcmf_ops_sdio_probe sdio vendor ID: 0x02d0
[    9.355629] brcmfmac: brcmf_ops_sdio_probe sdio device ID: 0xa9a6
[    9.355635] brcmfmac: brcmf_ops_sdio_probe Function#: 2
[    9.355654] brcmfmac: brcmf_ops_sdio_probe F2 found, calling brcmf_sdiod_probe...
[    9.355962] brcmfmac: brcmf_sdio_probe Enter
[    9.358397] brcmfmac: brcmf_sdiod_regrl addr:0x18000000
[    9.358424] brcmfmac: brcmf_sdiod_request_data rw=1, func=1, addr=0x1000a, nbytes=1
[    9.358514] brcmfmac: brcmf_sdiod_request_data rw=1, func=1, addr=0x1000b, nbytes=1
[    9.358571] brcmfmac: brcmf_sdiod_request_data rw=1, func=1, addr=0x1000c, nbytes=1
[    9.358625] brcmfmac: brcmf_sdiod_request_data rw=0, func=1, addr=0x08000, nbytes=4
[    9.358709] brcmfmac: brcmf_sdiod_regrl data:0x1541a9a6
[    9.358719] brcmfmac: F1 signature read @0x18000000=0x1541a9a6
[    9.358728] brcmfmac: brcmf_sdiod_regwb addr:0x0001000e, data:0x28
[    9.358738] brcmfmac: brcmf_sdiod_request_data rw=1, func=1, addr=0x1000e, nbytes=1
[    9.358782] brcmfmac: brcmf_sdiod_regrb addr:0x0001000e
[    9.358795] brcmfmac: brcmf_sdiod_request_data rw=0, func=1, addr=0x1000e, nbytes=1
[    9.358843] brcmfmac: brcmf_sdiod_regrb data:0x68
[    9.358859] brcmfmac: brcmf_sdiod_regwb addr:0x0001000e, data:0x28
[    9.358870] brcmfmac: brcmf_sdiod_request_data rw=1, func=1, addr=0x1000e, nbytes=1
[    9.358918] brcmfmac: brcmf_sdiod_regrb addr:0x0001000e
[    9.358931] brcmfmac: brcmf_sdiod_request_data rw=0, func=1, addr=0x1000e, nbytes=1
[    9.358969] brcmfmac: brcmf_sdiod_regrb data:0x68
[    9.358979] brcmfmac: brcmf_sdiod_regrb addr:0x0001000e
[    9.358990] brcmfmac: brcmf_sdiod_request_data rw=0, func=1, addr=0x1000e, nbytes=1
[    9.359036] brcmfmac: brcmf_sdiod_regrb data:0x68
[    9.359047] brcmfmac: brcmf_sdiod_regwb addr:0x0001000e, data:0x21
[    9.359057] brcmfmac: brcmf_sdiod_request_data rw=1, func=1, addr=0x1000e, nbytes=1
[    9.359170] brcmfmac: brcmf_sdiod_regwb addr:0x0001000f, data:0x00
[    9.359183] brcmfmac: brcmf_sdiod_request_data rw=1, func=1, addr=0x1000f, nbytes=1
[    9.359231] brcmfmac: brcmf_sdiod_regrl addr:0x18000000
[    9.359245] brcmfmac: brcmf_sdiod_request_data rw=0, func=1, addr=0x08000, nbytes=4
[    9.359303] brcmfmac: brcmf_sdiod_regrl data:0x1541a9a6
[    9.359320] brcmfmac: brcmf_chip_recognition found AXI chip: BCM43430, rev=1
[    9.359328] brcmfmac: brcmf_sdiod_regrl addr:0x180000fc
[    9.359339] brcmfmac: brcmf_sdiod_request_data rw=0, func=1, addr=0x080fc, nbytes=4
[    9.359404] brcmfmac: brcmf_sdiod_regrl data:0x18108000
[    9.359417] brcmfmac: brcmf_sdiod_regrl addr:0x18108000
[    9.359428] brcmfmac: brcmf_sdiod_request_data rw=1, func=1, addr=0x1000a, nbytes=1
[    9.359481] brcmfmac: brcmf_sdiod_request_data rw=1, func=1, addr=0x1000b, nbytes=1
[    9.359531] brcmfmac: brcmf_sdiod_request_data rw=1, func=1, addr=0x1000c, nbytes=1
[    9.359583] brcmfmac: brcmf_sdiod_request_data rw=0, func=1, addr=0x08000, nbytes=4
[    9.359649] brcmfmac: brcmf_sdiod_regrl data:0x4bf80001
[    9.359662] brcmfmac: brcmf_sdiod_regrl addr:0x18108004
[    9.359673] brcmfmac: brcmf_sdiod_request_data rw=0, func=1, addr=0x08004, nbytes=4
[    9.359737] brcmfmac: brcmf_sdiod_regrl data:0x31004211
[    9.359749] brcmfmac: brcmf_sdiod_regrl addr:0x18108008
[    9.359760] brcmfmac: brcmf_sdiod_request_data rw=0, func=1, addr=0x08008, nbytes=4
[    9.359816] brcmfmac: brcmf_sdiod_regrl data:0x00000003
[    9.359827] brcmfmac: brcmf_sdiod_regrl addr:0x1810800c
[    9.359838] brcmfmac: brcmf_sdiod_request_data rw=0, func=1, addr=0x0800c, nbytes=4
[    9.359903] brcmfmac: brcmf_sdiod_regrl data:0x18000005
[    9.359916] brcmfmac: brcmf_sdiod_regrl addr:0x18108010
[    9.359927] brcmfmac: brcmf_sdiod_request_data rw=0, func=1, addr=0x08010, nbytes=4
[    9.359991] brcmfmac: brcmf_sdiod_regrl data:0x181000c5
[    9.360006] brcmfmac: brcmf_sdiod_regrl addr:0x18108014
[    9.360017] brcmfmac: brcmf_sdiod_request_data rw=0, func=1, addr=0x08014, nbytes=4
[    9.360083] brcmfmac: brcmf_sdiod_regrl data:0x4bf81201
[    9.360095] brcmfmac: brcmf_sdiod_regrl addr:0x18108018
[    9.360107] brcmfmac: brcmf_sdiod_request_data rw=0, func=1, addr=0x08018, nbytes=4
[    9.360172] brcmfmac: brcmf_sdiod_regrl data:0x27004211
[    9.360183] brcmfmac: brcmf_sdiod_regrl addr:0x1810801c
[    9.360194] brcmfmac: brcmf_sdiod_request_data rw=0, func=1, addr=0x0801c, nbytes=4
[    9.360257] brcmfmac: brcmf_sdiod_regrl data:0x00000103
[    9.360268] brcmfmac: brcmf_sdiod_regrl addr:0x18108020
[    9.360279] brcmfmac: brcmf_sdiod_request_data rw=0, func=1, addr=0x08020, nbytes=4
[    9.360343] brcmfmac: brcmf_sdiod_regrl data:0x18001005
[    9.360356] brcmfmac: brcmf_sdiod_regrl addr:0x18108024
[    9.360369] brcmfmac: brcmf_sdiod_request_data rw=0, func=1, addr=0x08024, nbytes=4
[    9.360433] brcmfmac: brcmf_sdiod_regrl data:0x181010c5
[    9.360447] brcmfmac: brcmf_sdiod_regrl addr:0x18108028
[    9.360458] brcmfmac: brcmf_sdiod_request_data rw=0, func=1, addr=0x08028, nbytes=4
[    9.360523] brcmfmac: brcmf_sdiod_regrl data:0x4bf82901
[    9.360534] brcmfmac: brcmf_sdiod_regrl addr:0x1810802c
[    9.360544] brcmfmac: brcmf_sdiod_request_data rw=0, func=1, addr=0x0802c, nbytes=4
[    9.360601] brcmfmac: brcmf_sdiod_regrl data:0x15004211
[    9.360614] brcmfmac: brcmf_sdiod_regrl addr:0x18108030
[    9.360625] brcmfmac: brcmf_sdiod_request_data rw=0, func=1, addr=0x08030, nbytes=4
[    9.360689] brcmfmac: brcmf_sdiod_regrl data:0x00000203
[    9.360701] brcmfmac: brcmf_sdiod_regrl addr:0x18108034
[    9.360712] brcmfmac: brcmf_sdiod_request_data rw=0, func=1, addr=0x08034, nbytes=4
[    9.360777] brcmfmac: brcmf_sdiod_regrl data:0x18002005
[    9.360789] brcmfmac: brcmf_sdiod_regrl addr:0x18108038
[    9.360800] brcmfmac: brcmf_sdiod_request_data rw=0, func=1, addr=0x08038, nbytes=4
[    9.360856] brcmfmac: brcmf_sdiod_regrl data:0x181020c5
[    9.360872] brcmfmac: brcmf_sdiod_regrl addr:0x1810803c
[    9.360883] brcmfmac: brcmf_sdiod_request_data rw=0, func=1, addr=0x0803c, nbytes=4
[    9.360947] brcmfmac: brcmf_sdiod_regrl data:0x4bf82a01
[    9.360959] brcmfmac: brcmf_sdiod_regrl addr:0x18108040
[    9.360970] brcmfmac: brcmf_sdiod_request_data rw=0, func=1, addr=0x08040, nbytes=4
[    9.361034] brcmfmac: brcmf_sdiod_regrl data:0x09004211
[    9.361046] brcmfmac: brcmf_sdiod_regrl addr:0x18108044
[    9.361057] brcmfmac: brcmf_sdiod_request_data rw=0, func=1, addr=0x08044, nbytes=4
[    9.361120] brcmfmac: brcmf_sdiod_regrl data:0x00000303
[    9.361133] brcmfmac: brcmf_sdiod_regrl addr:0x18108048
[    9.361143] brcmfmac: brcmf_sdiod_request_data rw=0, func=1, addr=0x08048, nbytes=4
[    9.361207] brcmfmac: brcmf_sdiod_regrl data:0x18003005
[    9.361218] brcmfmac: brcmf_sdiod_regrl addr:0x1810804c
[    9.361229] brcmfmac: brcmf_sdiod_request_data rw=0, func=1, addr=0x0804c, nbytes=4
[    9.361284] brcmfmac: brcmf_sdiod_regrl data:0x181030c5
[    9.361299] brcmfmac: brcmf_sdiod_regrl addr:0x18108050
[    9.361310] brcmfmac: brcmf_sdiod_request_data rw=0, func=1, addr=0x08050, nbytes=4
[    9.361364] brcmfmac: brcmf_sdiod_regrl data:0x4bf80e01
[    9.361376] brcmfmac: brcmf_sdiod_regrl addr:0x18108054
[    9.361387] brcmfmac: brcmf_sdiod_request_data rw=0, func=1, addr=0x08054, nbytes=4
[    9.361485] brcmfmac: brcmf_sdiod_regrl data:0x16080401
[    9.361497] brcmfmac: brcmf_sdiod_regrl addr:0x18108058
[    9.361510] brcmfmac: brcmf_sdiod_request_data rw=0, func=1, addr=0x08058, nbytes=4
[    9.361571] brcmfmac: brcmf_sdiod_regrl data:0x18004005
[    9.361583] brcmfmac: brcmf_sdiod_regrl addr:0x18108058
[    9.361594] brcmfmac: brcmf_sdiod_request_data rw=0, func=1, addr=0x08058, nbytes=4
[    9.361660] brcmfmac: brcmf_sdiod_regrl data:0x18004005
[    9.361672] brcmfmac: brcmf_sdiod_regrl addr:0x1810805c
[    9.361683] brcmfmac: brcmf_sdiod_request_data rw=0, func=1, addr=0x0805c, nbytes=4
[    9.361747] brcmfmac: brcmf_sdiod_regrl data:0x00000135
[    9.361760] brcmfmac: brcmf_sdiod_regrl addr:0x18108060
[    9.361771] brcmfmac: brcmf_sdiod_request_data rw=0, func=1, addr=0x08060, nbytes=4
[    9.361827] brcmfmac: brcmf_sdiod_regrl data:0x00080000
[    9.361838] brcmfmac: brcmf_sdiod_regrl addr:0x18108064
[    9.361849] brcmfmac: brcmf_sdiod_request_data rw=0, func=1, addr=0x08064, nbytes=4
[    9.379067] brcmfmac: brcmf_sdiod_regrl data:0x10000135
[    9.379091] brcmfmac: brcmf_sdiod_regrl addr:0x18108068
[    9.379106] brcmfmac: brcmf_sdiod_request_data rw=0, func=1, addr=0x08068, nbytes=4
[    9.379212] brcmfmac: brcmf_sdiod_regrl data:0x00080000
[    9.379224] brcmfmac: brcmf_sdiod_regrl addr:0x1810806c
[    9.379237] brcmfmac: brcmf_sdiod_request_data rw=0, func=1, addr=0x0806c, nbytes=4
[    9.379307] brcmfmac: brcmf_sdiod_regrl data:0x1e000135
[    9.379319] brcmfmac: brcmf_sdiod_regrl addr:0x18108070
[    9.379331] brcmfmac: brcmf_sdiod_request_data rw=0, func=1, addr=0x08070, nbytes=4
[    9.379396] brcmfmac: brcmf_sdiod_regrl data:0x000a0000
[    9.379408] brcmfmac: brcmf_sdiod_regrl addr:0x18108074
[    9.379419] brcmfmac: brcmf_sdiod_request_data rw=0, func=1, addr=0x08074, nbytes=4
[    9.379475] brcmfmac: brcmf_sdiod_regrl data:0x18104185
[    9.379492] brcmfmac: brcmf_sdiod_regrl addr:0x18108078
[    9.379503] brcmfmac: brcmf_sdiod_request_data rw=0, func=1, addr=0x08078, nbytes=4
[    9.379947] brcmfmac: brcmf_sdiod_regrl data:0x43b13501
[    9.379964] brcmfmac: brcmf_sdiod_regrl addr:0x1810807c
[    9.379977] brcmfmac: brcmf_sdiod_request_data rw=0, func=1, addr=0x0807c, nbytes=4
[    9.380056] brcmfmac: brcmf_sdiod_regrl data:0x00080201
[    9.380071] brcmfmac: brcmf_sdiod_regrl addr:0x18108080
[    9.380083] brcmfmac: brcmf_sdiod_request_data rw=0, func=1, addr=0x08080, nbytes=4
[    9.381749] brcmfmac: brcmf_sdiod_regrl data:0x18000075
[    9.381771] brcmfmac: brcmf_sdiod_regrl addr:0x18108080
[    9.381787] brcmfmac: brcmf_sdiod_request_data rw=0, func=1, addr=0x08080, nbytes=4
[    9.381892] brcmfmac: brcmf_sdiod_regrl data:0x18000075
[    9.381907] brcmfmac: brcmf_sdiod_regrl addr:0x18108084
[    9.381917] brcmfmac: brcmf_sdiod_request_data rw=0, func=1, addr=0x08084, nbytes=4
[    9.381990] brcmfmac: brcmf_sdiod_regrl data:0x00005000
[    9.382003] brcmfmac: brcmf_sdiod_regrl addr:0x18108088
[    9.382015] brcmfmac: brcmf_sdiod_request_data rw=0, func=1, addr=0x08088, nbytes=4
[    9.382079] brcmfmac: brcmf_sdiod_regrl data:0x18105085
[    9.382091] brcmfmac: brcmf_sdiod_regrl addr:0x1810808c
[    9.382103] brcmfmac: brcmf_sdiod_request_data rw=0, func=1, addr=0x0808c, nbytes=4
[    9.382162] brcmfmac: brcmf_sdiod_regrl data:0x43b24001
[    9.382177] brcmfmac: brcmf_sdiod_regrl addr:0x1810808c
[    9.382188] brcmfmac: brcmf_sdiod_request_data rw=0, func=1, addr=0x0808c, nbytes=4
[    9.382253] brcmfmac: brcmf_sdiod_regrl data:0x43b24001
[    9.382264] brcmfmac: brcmf_sdiod_regrl addr:0x18108090
[    9.382274] brcmfmac: brcmf_sdiod_request_data rw=0, func=1, addr=0x08090, nbytes=4
[    9.382337] brcmfmac: brcmf_sdiod_regrl data:0x00080201
[    9.382352] brcmfmac: brcmf_sdiod_regrl addr:0x18108094
[    9.382363] brcmfmac: brcmf_sdiod_request_data rw=0, func=1, addr=0x08094, nbytes=4
[    9.388696] brcmfmac: brcmf_sdiod_regrl data:0x19000035
[    9.388718] brcmfmac: brcmf_sdiod_regrl addr:0x18108094
[    9.388732] brcmfmac: brcmf_sdiod_request_data rw=0, func=1, addr=0x08094, nbytes=4
[    9.388843] brcmfmac: brcmf_sdiod_regrl data:0x19000035
[    9.388856] brcmfmac: brcmf_sdiod_regrl addr:0x18108098
[    9.388867] brcmfmac: brcmf_sdiod_request_data rw=0, func=1, addr=0x08098, nbytes=4
[    9.388936] brcmfmac: brcmf_sdiod_regrl data:0x01000000
[    9.388948] brcmfmac: brcmf_sdiod_regrl addr:0x1810809c
[    9.388959] brcmfmac: brcmf_sdiod_request_data rw=0, func=1, addr=0x0809c, nbytes=4
[    9.393086] brcmfmac: brcmf_sdiod_regrl data:0x18106085
[    9.393112] brcmfmac: brcmf_sdiod_regrl addr:0x181080a0
[    9.393127] brcmfmac: brcmf_sdiod_request_data rw=0, func=1, addr=0x080a0, nbytes=4
[    9.393226] brcmfmac: brcmf_sdiod_regrl data:0x43b36701
[    9.393242] brcmfmac: brcmf_sdiod_regrl addr:0x181080a0
[    9.393254] brcmfmac: brcmf_sdiod_request_data rw=0, func=1, addr=0x080a0, nbytes=4
[    9.393325] brcmfmac: brcmf_sdiod_regrl data:0x43b36701
[    9.393337] brcmfmac: brcmf_sdiod_regrl addr:0x181080a4
[    9.393348] brcmfmac: brcmf_sdiod_request_data rw=0, func=1, addr=0x080a4, nbytes=4
[    9.393403] brcmfmac: brcmf_sdiod_regrl data:0x00000201
[    9.393416] brcmfmac: brcmf_sdiod_regrl addr:0x181080a8
[    9.393427] brcmfmac: brcmf_sdiod_request_data rw=0, func=1, addr=0x080a8, nbytes=4
[    9.393493] brcmfmac: brcmf_sdiod_regrl data:0x18107005
[    9.393504] brcmfmac: brcmf_sdiod_regrl addr:0x181080ac
[    9.393515] brcmfmac: brcmf_sdiod_request_data rw=0, func=1, addr=0x080ac, nbytes=4
[    9.393579] brcmfmac: brcmf_sdiod_regrl data:0x43b36601
[    9.393590] brcmfmac: brcmf_sdiod_regrl addr:0x181080b0
[    9.393602] brcmfmac: brcmf_sdiod_request_data rw=0, func=1, addr=0x080b0, nbytes=4
[    9.393666] brcmfmac: brcmf_sdiod_regrl data:0x00000201
[    9.393677] brcmfmac: brcmf_sdiod_regrl addr:0x181080b4
[    9.393688] brcmfmac: brcmf_sdiod_request_data rw=0, func=1, addr=0x080b4, nbytes=4
[    9.393752] brcmfmac: brcmf_sdiod_regrl data:0x18108005
[    9.393763] brcmfmac: brcmf_sdiod_regrl addr:0x181080b8
[    9.393773] brcmfmac: brcmf_sdiod_request_data rw=0, func=1, addr=0x080b8, nbytes=4
[    9.393835] brcmfmac: brcmf_sdiod_regrl data:0x43b30101
[    9.393847] brcmfmac: brcmf_sdiod_regrl addr:0x181080bc
[    9.393858] brcmfmac: brcmf_sdiod_request_data rw=0, func=1, addr=0x080bc, nbytes=4
[    9.393922] brcmfmac: brcmf_sdiod_regrl data:0x00000201
[    9.393934] brcmfmac: brcmf_sdiod_regrl addr:0x181080c0
[    9.393944] brcmfmac: brcmf_sdiod_request_data rw=0, func=1, addr=0x080c0, nbytes=4
[    9.394000] brcmfmac: brcmf_sdiod_regrl data:0x18200035
[    9.394011] brcmfmac: brcmf_sdiod_regrl addr:0x181080c4
[    9.394022] brcmfmac: brcmf_sdiod_request_data rw=0, func=1, addr=0x080c4, nbytes=4
[    9.394076] brcmfmac: brcmf_sdiod_regrl data:0x00100000
[    9.394087] brcmfmac: brcmf_sdiod_regrl addr:0x181080c8
[    9.394097] brcmfmac: brcmf_sdiod_request_data rw=0, func=1, addr=0x080c8, nbytes=4
[    9.394160] brcmfmac: brcmf_sdiod_regrl data:0x43bfff01
[    9.394173] brcmfmac: brcmf_sdiod_regrl addr:0x181080cc
[    9.394184] brcmfmac: brcmf_sdiod_request_data rw=0, func=1, addr=0x080cc, nbytes=4
[    9.394239] brcmfmac: brcmf_sdiod_regrl data:0x00080201
[    9.394251] brcmfmac: brcmf_sdiod_regrl addr:0x181080d0
[    9.394262] brcmfmac: brcmf_sdiod_request_data rw=0, func=1, addr=0x080d0, nbytes=4
[    9.394325] brcmfmac: brcmf_sdiod_regrl data:0x00080035
[    9.394337] brcmfmac: brcmf_sdiod_regrl addr:0x181080d0
[    9.394348] brcmfmac: brcmf_sdiod_request_data rw=0, func=1, addr=0x080d0, nbytes=4
[    9.394411] brcmfmac: brcmf_sdiod_regrl data:0x00080035
[    9.394423] brcmfmac: brcmf_sdiod_regrl addr:0x181080d4
[    9.394435] brcmfmac: brcmf_sdiod_request_data rw=0, func=1, addr=0x080d4, nbytes=4
[    9.394500] brcmfmac: brcmf_sdiod_regrl data:0x0ff80000
[    9.394511] brcmfmac: brcmf_sdiod_regrl addr:0x181080d8
[    9.394522] brcmfmac: brcmf_sdiod_request_data rw=0, func=1, addr=0x080d8, nbytes=4
[    9.394586] brcmfmac: brcmf_sdiod_regrl data:0x10080035
[    9.394598] brcmfmac: brcmf_sdiod_regrl addr:0x181080dc
[    9.394609] brcmfmac: brcmf_sdiod_request_data rw=0, func=1, addr=0x080dc, nbytes=4
[    9.394672] brcmfmac: brcmf_sdiod_regrl data:0x07f80000
[    9.394685] brcmfmac: brcmf_sdiod_regrl addr:0x181080e0
[    9.394696] brcmfmac: brcmf_sdiod_request_data rw=0, func=1, addr=0x080e0, nbytes=4
[    9.394760] brcmfmac: brcmf_sdiod_regrl data:0x18005035
[    9.394772] brcmfmac: brcmf_sdiod_regrl addr:0x181080e4
[    9.394783] brcmfmac: brcmf_sdiod_request_data rw=0, func=1, addr=0x080e4, nbytes=4
[    9.394847] brcmfmac: brcmf_sdiod_regrl data:0x000fb000
[    9.394859] brcmfmac: brcmf_sdiod_regrl addr:0x181080e8
[    9.394870] brcmfmac: brcmf_sdiod_request_data rw=0, func=1, addr=0x080e8, nbytes=4
[    9.394934] brcmfmac: brcmf_sdiod_regrl data:0x1810a035
[    9.394947] brcmfmac: brcmf_sdiod_regrl addr:0x181080ec
[    9.394958] brcmfmac: brcmf_sdiod_request_data rw=0, func=1, addr=0x080ec, nbytes=4
[    9.395023] brcmfmac: brcmf_sdiod_regrl data:0x03ef6000
[    9.395034] brcmfmac: brcmf_sdiod_regrl addr:0x181080f0
[    9.395045] brcmfmac: brcmf_sdiod_request_data rw=0, func=1, addr=0x080f0, nbytes=4
[    9.395109] brcmfmac: brcmf_sdiod_regrl data:0x1c000035
[    9.395121] brcmfmac: brcmf_sdiod_regrl addr:0x181080f4
[    9.395133] brcmfmac: brcmf_sdiod_request_data rw=0, func=1, addr=0x080f4, nbytes=4
[    9.395197] brcmfmac: brcmf_sdiod_regrl data:0x02000000
[    9.395208] brcmfmac: brcmf_sdiod_regrl addr:0x181080f8
[    9.395219] brcmfmac: brcmf_sdiod_request_data rw=0, func=1, addr=0x080f8, nbytes=4
[    9.395282] brcmfmac: brcmf_sdiod_regrl data:0x1e0a0035
[    9.395293] brcmfmac: brcmf_sdiod_regrl addr:0x181080fc
[    9.395304] brcmfmac: brcmf_sdiod_request_data rw=0, func=1, addr=0x080fc, nbytes=4
[    9.395369] brcmfmac: brcmf_sdiod_regrl data:0xe1f60000
[    9.395382] brcmfmac: brcmf_sdiod_regrl addr:0x18108100
[    9.395393] brcmfmac: brcmf_sdiod_request_data rw=0, func=1, addr=0x08100, nbytes=4
[    9.395456] brcmfmac: brcmf_sdiod_regrl data:0x18109085
[    9.395468] brcmfmac: brcmf_sdiod_regrl addr:0x18108104
[    9.395479] brcmfmac: brcmf_sdiod_request_data rw=0, func=1, addr=0x08104, nbytes=4
[    9.395542] brcmfmac: brcmf_sdiod_regrl data:0x0000000f
[    9.395554] brcmfmac: brcmf_sdiod_regrl addr:0x18108104
[    9.395565] brcmfmac: brcmf_sdiod_request_data rw=0, func=1, addr=0x08104, nbytes=4
[    9.395628] brcmfmac: brcmf_sdiod_regrl data:0x0000000f
[    9.395648] brcmfmac: brcmf_chip_cores_check  [1 ] core 0x800:49 base 0x18000000 wrap 0x18100000
[    9.395659] brcmfmac: brcmf_chip_cores_check  [2 ] core 0x812:39 base 0x18001000 wrap 0x18101000
[    9.395670] brcmfmac: brcmf_chip_cores_check  [3 ] core 0x829:21 base 0x18002000 wrap 0x18102000
[    9.395679] brcmfmac: brcmf_chip_cores_check  [4 ] core 0x82a:9  base 0x18003000 wrap 0x18103000
[    9.395690] brcmfmac: brcmf_chip_cores_check  [5 ] core 0x80e:22 base 0x18004000 wrap 0x18104000
[    9.395699] brcmfmac: brcmf_chip_cores_check  [6 ] core 0x135:0  base 0x00000000 wrap 0x18105000
[    9.395709] brcmfmac: brcmf_chip_cores_check  [7 ] core 0x240:0  base 0x00000000 wrap 0x18106000
[    9.395715] brcmfmac: brcmf_chip_set_passive Enter
[    9.395725] brcmfmac: brcmf_sdiod_regrl addr:0x18103800
[    9.395736] brcmfmac: brcmf_sdiod_request_data rw=1, func=1, addr=0x1000a, nbytes=1
[    9.395793] brcmfmac: brcmf_sdiod_request_data rw=1, func=1, addr=0x1000b, nbytes=1
[    9.395837] brcmfmac: brcmf_sdiod_request_data rw=1, func=1, addr=0x1000c, nbytes=1
[    9.395888] brcmfmac: brcmf_sdiod_request_data rw=0, func=1, addr=0x0b800, nbytes=4
[    9.395955] brcmfmac: brcmf_sdiod_regrl data:0x00000001
[    9.395968] brcmfmac: brcmf_sdiod_regwl addr:0x18103408, data:0x00000003
[    9.395979] brcmfmac: brcmf_sdiod_request_data rw=1, func=1, addr=0x0b408, nbytes=4
[    9.396049] brcmfmac: brcmf_sdiod_regrl addr:0x18103408
[    9.396062] brcmfmac: brcmf_sdiod_request_data rw=0, func=1, addr=0x0b408, nbytes=4
[    9.396125] brcmfmac: brcmf_sdiod_regrl data:0x00000003
[    9.396138] brcmfmac: brcmf_sdiod_regrl addr:0x18101800
[    9.396151] brcmfmac: brcmf_sdiod_request_data rw=0, func=1, addr=0x09800, nbytes=4
[    9.396217] brcmfmac: brcmf_sdiod_regrl data:0x00000001
[    9.396229] brcmfmac: brcmf_sdiod_regwl addr:0x18101408, data:0x00000007
[    9.396239] brcmfmac: brcmf_sdiod_request_data rw=1, func=1, addr=0x09408, nbytes=4
[    9.396307] brcmfmac: brcmf_sdiod_regrl addr:0x18101408
[    9.396321] brcmfmac: brcmf_sdiod_request_data rw=0, func=1, addr=0x09408, nbytes=4
[    9.396384] brcmfmac: brcmf_sdiod_regrl data:0x00000007
[    9.396397] brcmfmac: brcmf_sdiod_regrl addr:0x18101800
[    9.396408] brcmfmac: brcmf_sdiod_request_data rw=0, func=1, addr=0x09800, nbytes=4
[    9.396471] brcmfmac: brcmf_sdiod_regrl data:0x00000001
[    9.396483] brcmfmac: brcmf_sdiod_regwl addr:0x18101800, data:0x00000000
[    9.396494] brcmfmac: brcmf_sdiod_request_data rw=1, func=1, addr=0x09800, nbytes=4
[    9.396852] brcmfmac: brcmf_sdiod_regrl addr:0x18101800
[    9.396871] brcmfmac: brcmf_sdiod_request_data rw=0, func=1, addr=0x09800, nbytes=4
[    9.396953] brcmfmac: brcmf_sdiod_regrl data:0x00000000
[    9.396968] brcmfmac: brcmf_sdiod_regwl addr:0x18101408, data:0x00000005
[    9.396980] brcmfmac: brcmf_sdiod_request_data rw=1, func=1, addr=0x09408, nbytes=4
[    9.397056] brcmfmac: brcmf_sdiod_regrl addr:0x18101408
[    9.397069] brcmfmac: brcmf_sdiod_request_data rw=0, func=1, addr=0x09408, nbytes=4
[    9.397133] brcmfmac: brcmf_sdiod_regrl data:0x00000005
[    9.397146] brcmfmac: brcmf_sdiod_regrl addr:0x18104800
[    9.397158] brcmfmac: brcmf_sdiod_request_data rw=0, func=1, addr=0x0c800, nbytes=4
[    9.402006] brcmfmac: brcmf_sdiod_regrl data:0x00000001
[    9.402029] brcmfmac: brcmf_sdiod_regwl addr:0x18104408, data:0x00000003
[    9.402043] brcmfmac: brcmf_sdiod_request_data rw=1, func=1, addr=0x0c408, nbytes=4
[    9.402155] brcmfmac: brcmf_sdiod_regrl addr:0x18104408
[    9.402169] brcmfmac: brcmf_sdiod_request_data rw=0, func=1, addr=0x0c408, nbytes=4
[    9.402241] brcmfmac: brcmf_sdiod_regrl data:0x00000003
[    9.402253] brcmfmac: brcmf_sdiod_regrl addr:0x18104800
[    9.402264] brcmfmac: brcmf_sdiod_request_data rw=0, func=1, addr=0x0c800, nbytes=4
[    9.402319] brcmfmac: brcmf_sdiod_regrl data:0x00000001
[    9.402332] brcmfmac: brcmf_sdiod_regwl addr:0x18104800, data:0x00000000
[    9.402342] brcmfmac: brcmf_sdiod_request_data rw=1, func=1, addr=0x0c800, nbytes=4
[    9.402687] brcmfmac: brcmf_sdiod_regrl addr:0x18104800
[    9.402704] brcmfmac: brcmf_sdiod_request_data rw=0, func=1, addr=0x0c800, nbytes=4
[    9.402782] brcmfmac: brcmf_sdiod_regrl data:0x00000000
[    9.402796] brcmfmac: brcmf_sdiod_regwl addr:0x18104408, data:0x00000001
[    9.402807] brcmfmac: brcmf_sdiod_request_data rw=1, func=1, addr=0x0c408, nbytes=4
[    9.403855] brcmfmac: brcmf_sdiod_regrl addr:0x18104408
[    9.403880] brcmfmac: brcmf_sdiod_request_data rw=0, func=1, addr=0x0c408, nbytes=4
[    9.403978] brcmfmac: brcmf_sdiod_regrl data:0x00000001
[    9.403992] brcmfmac: brcmf_sdiod_regwl addr:0x18004010, data:0x00000003
[    9.404004] brcmfmac: brcmf_sdiod_request_data rw=1, func=1, addr=0x1000a, nbytes=1
[    9.404063] brcmfmac: brcmf_sdiod_request_data rw=1, func=1, addr=0x1000b, nbytes=1
[    9.404115] brcmfmac: brcmf_sdiod_request_data rw=1, func=1, addr=0x1000c, nbytes=1
[    9.404166] brcmfmac: brcmf_sdiod_request_data rw=1, func=1, addr=0x0c010, nbytes=4
[    9.404237] brcmfmac: brcmf_sdiod_regwl addr:0x18004044, data:0x00000000
[    9.404250] brcmfmac: brcmf_sdiod_request_data rw=1, func=1, addr=0x0c044, nbytes=4
[    9.404321] brcmfmac: brcmf_sdiod_regrl addr:0x18104408
[    9.404336] brcmfmac: brcmf_sdiod_request_data rw=1, func=1, addr=0x1000a, nbytes=1
[    9.404391] brcmfmac: brcmf_sdiod_request_data rw=1, func=1, addr=0x1000b, nbytes=1
[    9.405271] brcmfmac: brcmf_sdiod_request_data rw=1, func=1, addr=0x1000c, nbytes=1
[    9.405354] brcmfmac: brcmf_sdiod_request_data rw=0, func=1, addr=0x0c408, nbytes=4
[    9.423111] brcmfmac: brcmf_sdiod_regrl data:0x00000001
[    9.423134] brcmfmac: brcmf_sdiod_regrl addr:0x18104800
[    9.423148] brcmfmac: brcmf_sdiod_request_data rw=0, func=1, addr=0x0c800, nbytes=4
[    9.423250] brcmfmac: brcmf_sdiod_regrl data:0x00000000
[    9.423262] brcmfmac: brcmf_sdiod_regrl addr:0x18004000
[    9.423274] brcmfmac: brcmf_sdiod_request_data rw=1, func=1, addr=0x1000a, nbytes=1
[    9.433142] brcmfmac: brcmf_sdiod_request_data rw=1, func=1, addr=0x1000b, nbytes=1
[    9.433231] brcmfmac: brcmf_sdiod_request_data rw=1, func=1, addr=0x1000c, nbytes=1
[    9.433292] brcmfmac: brcmf_sdiod_request_data rw=0, func=1, addr=0x0c000, nbytes=4
[    9.433370] brcmfmac: brcmf_sdiod_regrl data:0x0005a040
[    9.433388] brcmfmac: brcmf_sdiod_regwl addr:0x18004010, data:0x00000000
[    9.433398] brcmfmac: brcmf_sdiod_request_data rw=1, func=1, addr=0x0c010, nbytes=4
[    9.443085] brcmfmac: brcmf_sdiod_regrl addr:0x18004040
[    9.443113] brcmfmac: brcmf_sdiod_request_data rw=0, func=1, addr=0x0c040, nbytes=4
[    9.443222] brcmfmac: brcmf_sdiod_regrl data:0x02108c0f
[    9.443238] brcmfmac: brcmf_sdiod_regwl addr:0x18004010, data:0x00000001
[    9.443249] brcmfmac: brcmf_sdiod_request_data rw=1, func=1, addr=0x0c010, nbytes=4
[    9.443328] brcmfmac: brcmf_sdiod_regrl addr:0x18004040
[    9.443343] brcmfmac: brcmf_sdiod_request_data rw=0, func=1, addr=0x0c040, nbytes=4
[    9.443409] brcmfmac: brcmf_sdiod_regrl data:0x02108c0f
[    9.443422] brcmfmac: brcmf_sdiod_regwl addr:0x18004010, data:0x00000002
[    9.443434] brcmfmac: brcmf_sdiod_request_data rw=1, func=1, addr=0x0c010, nbytes=4
[    9.443502] brcmfmac: brcmf_sdiod_regrl addr:0x18004040
[    9.443516] brcmfmac: brcmf_sdiod_request_data rw=0, func=1, addr=0x0c040, nbytes=4
[    9.443581] brcmfmac: brcmf_sdiod_regrl data:0x02108c0f
[    9.443593] brcmfmac: brcmf_sdiod_regwl addr:0x18004010, data:0x00000003
[    9.443604] brcmfmac: brcmf_sdiod_request_data rw=1, func=1, addr=0x0c010, nbytes=4
[    9.443672] brcmfmac: brcmf_sdiod_regrl addr:0x18004040
[    9.443687] brcmfmac: brcmf_sdiod_request_data rw=0, func=1, addr=0x0c040, nbytes=4
[    9.443752] brcmfmac: brcmf_sdiod_regrl data:0x02108c0f
[    9.443770] brcmfmac: brcmf_chip_get_raminfo RAM: base=0x0 size=524288 (0x80000) sr=65536 (0x10000)
[    9.443777] brcmfmac: brcmf_sdiod_regrl addr:0x18000004
[    9.443787] brcmfmac: brcmf_sdiod_request_data rw=0, func=1, addr=0x08004, nbytes=4
[    9.443843] brcmfmac: brcmf_sdiod_regrl data:0x10400000
[    9.443855] brcmfmac: brcmf_sdiod_regrl addr:0x180000ac
[    9.443866] brcmfmac: brcmf_sdiod_request_data rw=0, func=1, addr=0x080ac, nbytes=4
[    9.443927] brcmfmac: brcmf_sdiod_regrl data:0x0000001e
[    9.443942] brcmfmac: brcmf_sdiod_regrl addr:0x18000604
[    9.443952] brcmfmac: brcmf_sdiod_request_data rw=0, func=1, addr=0x08604, nbytes=4
[    9.444016] brcmfmac: brcmf_sdiod_regrl data:0x39d25f18
[    9.444030] brcmfmac: brcmf_chip_setup ccrev=49, pmurev=24, pmucaps=0x39d25f18
[    9.444041] brcmfmac: brcmf_get_module_param Enter, bus=0, chip=43430, rev=1
[    9.444055] brcmfmac: brcmf_sdiod_sgtable_alloc nents=35
[    9.444070] brcmfmac: brcmf_sdio_kso_init Enter
[    9.444080] brcmfmac: brcmf_sdiod_regrb addr:0x0001001f
[    9.444090] brcmfmac: brcmf_sdiod_request_data rw=0, func=1, addr=0x1001f, nbytes=1
[    9.444145] brcmfmac: brcmf_sdiod_regrb data:0x03
[    9.444159] brcmfmac: brcmf_sdio_drivestrengthinit No SDIO driver strength init needed for chip 43430 rev 1 pmurev 24
[    9.444166] brcmfmac: brcmf_sdiod_regrb addr:0x000000f1
[    9.444176] brcmfmac: brcmf_sdiod_request_data rw=0, func=0, addr=0x000f1, nbytes=1
[    9.444216] brcmfmac: brcmf_sdiod_regrb data:0x01
[    9.444228] brcmfmac: brcmf_sdiod_regwb addr:0x000000f1, data:0x03
[    9.444239] brcmfmac: brcmf_sdiod_request_data rw=1, func=0, addr=0x000f1, nbytes=1
[    9.444288] brcmfmac: brcmf_sdiod_regrl addr:0x18000600
[    9.444301] brcmfmac: brcmf_sdiod_request_data rw=0, func=1, addr=0x08600, nbytes=4
[    9.444367] brcmfmac: brcmf_sdiod_regrl data:0x01770180
[    9.444379] brcmfmac: brcmf_sdiod_regwl addr:0x18000600, data:0x01774180
[    9.444390] brcmfmac: brcmf_sdiod_request_data rw=1, func=1, addr=0x08600, nbytes=4
[    9.444862] brcmfmac: brcmf_attach Enter
[    9.444937] brcmfmac: brcmf_proto_attach Enter
[    9.444972] brcmfmac: brcmf_fweh_register event handler registered for PSM_WATCHDOG
[    9.445092] brcmfmac: brcmf_sdiod_regwb addr:0x0001000e, data:0x00
[    9.445107] brcmfmac: brcmf_sdiod_request_data rw=1, func=1, addr=0x1000e, nbytes=1
[    9.445199] brcmfmac: brcmf_sdio_probe completed!!
[    9.445224] brcmfmac: brcmf_fw_map_chip_to_name: using brcm/brcmfmac43430-sdio.bin for chip 0x00a9a6(43430) rev 0x000001
[    9.445234] brcmfmac: brcmf_fw_get_firmwares_pcie enter: dev=mmc1:0001:1
[    9.445258] brcmfmac: brcmf_ops_sdio_probe F2 init completed...
[    9.445483] brcmfmac: brcmf_usb_register Enter
[    9.445622] usbcore: registered new interface driver brcmfmac
[    9.468129] brcmfmac: brcmf_fw_request_code_done enter: dev=mmc1:0001:1
[    9.471966] brcmfmac: brcmf_fw_request_nvram_done enter: dev=mmc1:0001:1
[    9.472104] brcmfmac: brcmf_sdio_firmware_callback Enter: dev=mmc1:0001:1, err=0
[    9.472122] brcmfmac: brcmf_sdio_clkctl Enter
[    9.472129] brcmfmac: brcmf_sdio_htclk Enter
[    9.472142] brcmfmac: brcmf_sdiod_regwb addr:0x0001000e, data:0x08
[    9.472155] brcmfmac: brcmf_sdiod_request_data rw=1, func=1, addr=0x1000e, nbytes=1
[    9.472235] brcmfmac: brcmf_sdiod_regrb addr:0x0001000e
[    9.472249] brcmfmac: brcmf_sdiod_request_data rw=0, func=1, addr=0x1000e, nbytes=1
[    9.472306] brcmfmac: brcmf_sdiod_regrb data:0x48
[    9.472317] brcmfmac: brcmf_sdio_htclk CLKCTL: turned ON
[    9.472326] brcmfmac: brcmf_sdio_clkctl 1 -> 3
[    9.472334] brcmfmac: brcmf_sdio_download_firmware firmware rstvec: 0
[    9.472339] brcmfmac: brcmf_sdio_download_code_file Enter
[    9.472379] brcmfmac: brcmf_sdiod_request_data rw=1, func=1, addr=0x1000a, nbytes=1
[    9.472437] brcmfmac: brcmf_sdiod_request_data rw=1, func=1, addr=0x1000b, nbytes=1
[    9.472491] brcmfmac: brcmf_sdiod_request_data rw=1, func=1, addr=0x1000c, nbytes=1
[    9.472534] brcmfmac: brcmf_sdiod_ramrw write 32768 bytes at offset 0x00000000 in window 0x00000000
[    9.475122] brcmfmac: brcmf_sdiod_request_data rw=1, func=1, addr=0x1000a, nbytes=1
[    9.475196] brcmfmac: brcmf_sdiod_request_data rw=1, func=1, addr=0x1000b, nbytes=1
[    9.475252] brcmfmac: brcmf_sdiod_request_data rw=1, func=1, addr=0x1000c, nbytes=1
[    9.475306] brcmfmac: brcmf_sdiod_ramrw write 32768 bytes at offset 0x00000000 in window 0x00008000
[    9.477385] brcmfmac: brcmf_sdiod_request_data rw=1, func=1, addr=0x1000a, nbytes=1
[    9.483072] brcmfmac: brcmf_sdiod_request_data rw=1, func=1, addr=0x1000b, nbytes=1
[    9.483162] brcmfmac: brcmf_sdiod_request_data rw=1, func=1, addr=0x1000c, nbytes=1
[    9.483225] brcmfmac: brcmf_sdiod_ramrw write 32768 bytes at offset 0x00000000 in window 0x00010000
[    9.485349] brcmfmac: brcmf_sdiod_request_data rw=1, func=1, addr=0x1000a, nbytes=1
[    9.485421] brcmfmac: brcmf_sdiod_request_data rw=1, func=1, addr=0x1000b, nbytes=1
[    9.485469] brcmfmac: brcmf_sdiod_request_data rw=1, func=1, addr=0x1000c, nbytes=1
[    9.485522] brcmfmac: brcmf_sdiod_ramrw write 32768 bytes at offset 0x00000000 in window 0x00018000
[    9.487624] brcmfmac: brcmf_sdiod_request_data rw=1, func=1, addr=0x1000a, nbytes=1
[    9.487706] brcmfmac: brcmf_sdiod_request_data rw=1, func=1, addr=0x1000b, nbytes=1
[    9.487752] brcmfmac: brcmf_sdiod_request_data rw=1, func=1, addr=0x1000c, nbytes=1
[    9.487808] brcmfmac: brcmf_sdiod_ramrw write 32768 bytes at offset 0x00000000 in window 0x00020000
[    9.489924] brcmfmac: brcmf_sdiod_request_data rw=1, func=1, addr=0x1000a, nbytes=1
[    9.489984] brcmfmac: brcmf_sdiod_request_data rw=1, func=1, addr=0x1000b, nbytes=1
[    9.490040] brcmfmac: brcmf_sdiod_request_data rw=1, func=1, addr=0x1000c, nbytes=1
[    9.490096] brcmfmac: brcmf_sdiod_ramrw write 32768 bytes at offset 0x00000000 in window 0x00028000
[    9.492230] brcmfmac: brcmf_sdiod_request_data rw=1, func=1, addr=0x1000a, nbytes=1
[    9.492303] brcmfmac: brcmf_sdiod_request_data rw=1, func=1, addr=0x1000b, nbytes=1
[    9.492347] brcmfmac: brcmf_sdiod_request_data rw=1, func=1, addr=0x1000c, nbytes=1
[    9.492401] brcmfmac: brcmf_sdiod_ramrw write 32768 bytes at offset 0x00000000 in window 0x00030000
[    9.494476] brcmfmac: brcmf_sdiod_request_data rw=1, func=1, addr=0x1000a, nbytes=1
[    9.494550] brcmfmac: brcmf_sdiod_request_data rw=1, func=1, addr=0x1000b, nbytes=1
[    9.494605] brcmfmac: brcmf_sdiod_request_data rw=1, func=1, addr=0x1000c, nbytes=1
[    9.494660] brcmfmac: brcmf_sdiod_ramrw write 32768 bytes at offset 0x00000000 in window 0x00038000
[    9.496698] brcmfmac: brcmf_sdiod_request_data rw=1, func=1, addr=0x1000a, nbytes=1
[    9.496765] brcmfmac: brcmf_sdiod_request_data rw=1, func=1, addr=0x1000b, nbytes=1
[    9.496819] brcmfmac: brcmf_sdiod_request_data rw=1, func=1, addr=0x1000c, nbytes=1
[    9.496871] brcmfmac: brcmf_sdiod_ramrw write 32768 bytes at offset 0x00000000 in window 0x00040000
[    9.499034] brcmfmac: brcmf_sdiod_request_data rw=1, func=1, addr=0x1000a, nbytes=1
[    9.499107] brcmfmac: brcmf_sdiod_request_data rw=1, func=1, addr=0x1000b, nbytes=1
[    9.499159] brcmfmac: brcmf_sdiod_request_data rw=1, func=1, addr=0x1000c, nbytes=1
[    9.499213] brcmfmac: brcmf_sdiod_ramrw write 32768 bytes at offset 0x00000000 in window 0x00048000
[    9.501308] brcmfmac: brcmf_sdiod_request_data rw=1, func=1, addr=0x1000a, nbytes=1
[    9.501381] brcmfmac: brcmf_sdiod_request_data rw=1, func=1, addr=0x1000b, nbytes=1
[    9.501437] brcmfmac: brcmf_sdiod_request_data rw=1, func=1, addr=0x1000c, nbytes=1
[    9.501483] brcmfmac: brcmf_sdiod_ramrw write 32768 bytes at offset 0x00000000 in window 0x00050000
[    9.503552] brcmfmac: brcmf_sdiod_request_data rw=1, func=1, addr=0x1000a, nbytes=1
[    9.503625] brcmfmac: brcmf_sdiod_request_data rw=1, func=1, addr=0x1000b, nbytes=1
[    9.503670] brcmfmac: brcmf_sdiod_request_data rw=1, func=1, addr=0x1000c, nbytes=1
[    9.503722] brcmfmac: brcmf_sdiod_ramrw write 28291 bytes at offset 0x00000000 in window 0x00058000
[    9.505592] brcmfmac: brcmf_sdiod_request_data rw=1, func=1, addr=0x1000a, nbytes=1
[    9.505665] brcmfmac: brcmf_sdiod_request_data rw=1, func=1, addr=0x1000b, nbytes=1
[    9.505719] brcmfmac: brcmf_sdiod_request_data rw=1, func=1, addr=0x1000c, nbytes=1
[    9.505773] brcmfmac: brcmf_sdio_verifymemory Compare RAM dl & ul at 0x00000000; size=388739
[    9.505816] brcmfmac: brcmf_sdiod_request_data rw=1, func=1, addr=0x1000a, nbytes=1
[    9.505871] brcmfmac: brcmf_sdiod_request_data rw=1, func=1, addr=0x1000b, nbytes=1
[    9.505924] brcmfmac: brcmf_sdiod_request_data rw=1, func=1, addr=0x1000c, nbytes=1
[    9.505975] brcmfmac: brcmf_sdiod_ramrw read 2048 bytes at offset 0x00000000 in window 0x00000000
[    9.506232] brcmfmac: brcmf_sdiod_request_data rw=1, func=1, addr=0x1000a, nbytes=1
[    9.506293] brcmfmac: brcmf_sdiod_request_data rw=1, func=1, addr=0x1000b, nbytes=1
[    9.506349] brcmfmac: brcmf_sdiod_request_data rw=1, func=1, addr=0x1000c, nbytes=1
[    9.506424] brcmfmac: brcmf_sdiod_request_data rw=1, func=1, addr=0x1000a, nbytes=1
[    9.506481] brcmfmac: brcmf_sdiod_request_data rw=1, func=1, addr=0x1000b, nbytes=1
[    9.506533] brcmfmac: brcmf_sdiod_request_data rw=1, func=1, addr=0x1000c, nbytes=1
[    9.506586] brcmfmac: brcmf_sdiod_ramrw read 2048 bytes at offset 0x00000800 in window 0x00000000
[    9.513073] brcmfmac: brcmf_sdiod_request_data rw=1, func=1, addr=0x1000a, nbytes=1
[    9.513161] brcmfmac: brcmf_sdiod_request_data rw=1, func=1, addr=0x1000b, nbytes=1
[    9.513221] brcmfmac: brcmf_sdiod_request_data rw=1, func=1, addr=0x1000c, nbytes=1
[    9.513296] brcmfmac: brcmf_sdiod_request_data rw=1, func=1, addr=0x1000a, nbytes=1
[    9.513353] brcmfmac: brcmf_sdiod_request_data rw=1, func=1, addr=0x1000b, nbytes=1
[    9.513405] brcmfmac: brcmf_sdiod_request_data rw=1, func=1, addr=0x1000c, nbytes=1
[    9.513457] brcmfmac: brcmf_sdiod_ramrw read 2048 bytes at offset 0x00001000 in window 0x00000000
[    9.521945] brcmfmac: brcmf_sdiod_request_data rw=1, func=1, addr=0x1000a, nbytes=1
[    9.522036] brcmfmac: brcmf_sdiod_request_data rw=1, func=1, addr=0x1000b, nbytes=1
[    9.522763] brcmfmac: brcmf_sdiod_request_data rw=1, func=1, addr=0x1000c, nbytes=1
[    9.522868] brcmfmac: brcmf_sdiod_request_data rw=1, func=1, addr=0x1000a, nbytes=1
[    9.523013] brcmfmac: brcmf_sdiod_request_data rw=1, func=1, addr=0x1000b, nbytes=1
[    9.533147] brcmfmac: brcmf_sdiod_request_data rw=1, func=1, addr=0x1000c, nbytes=1
[    9.533236] brcmfmac: brcmf_sdiod_ramrw read 2048 bytes at offset 0x00001800 in window 0x00000000
[    9.543089] brcmfmac: brcmf_sdiod_request_data rw=1, func=1, addr=0x1000a, nbytes=1
[    9.543178] brcmfmac: brcmf_sdiod_request_data rw=1, func=1, addr=0x1000b, nbytes=1
[    9.543239] brcmfmac: brcmf_sdiod_request_data rw=1, func=1, addr=0x1000c, nbytes=1
[    9.543328] brcmfmac: brcmf_sdiod_request_data rw=1, func=1, addr=0x1000a, nbytes=1
[    9.543377] brcmfmac: brcmf_sdiod_request_data rw=1, func=1, addr=0x1000b, nbytes=1
[    9.543430] brcmfmac: brcmf_sdiod_request_data rw=1, func=1, addr=0x1000c, nbytes=1
[    9.543483] brcmfmac: brcmf_sdiod_ramrw read 2048 bytes at offset 0x00002000 in window 0x00000000
[    9.543767] brcmfmac: brcmf_sdiod_request_data rw=1, func=1, addr=0x1000a, nbytes=1
[    9.543828] brcmfmac: brcmf_sdiod_request_data rw=1, func=1, addr=0x1000b, nbytes=1
[    9.543883] brcmfmac: brcmf_sdiod_request_data rw=1, func=1, addr=0x1000c, nbytes=1
[    9.543957] brcmfmac: brcmf_sdiod_request_data rw=1, func=1, addr=0x1000a, nbytes=1
[    9.544006] brcmfmac: brcmf_sdiod_request_data rw=1, func=1, addr=0x1000b, nbytes=1
[    9.544059] brcmfmac: brcmf_sdiod_request_data rw=1, func=1, addr=0x1000c, nbytes=1
[    9.544112] brcmfmac: brcmf_sdiod_ramrw read 2048 bytes at offset 0x00002800 in window 0x00000000
[    9.544359] brcmfmac: brcmf_sdiod_request_data rw=1, func=1, addr=0x1000a, nbytes=1
[    9.544417] brcmfmac: brcmf_sdiod_request_data rw=1, func=1, addr=0x1000b, nbytes=1
[    9.544461] brcmfmac: brcmf_sdiod_request_data rw=1, func=1, addr=0x1000c, nbytes=1
[    9.544538] brcmfmac: brcmf_sdiod_request_data rw=1, func=1, addr=0x1000a, nbytes=1
[    9.544595] brcmfmac: brcmf_sdiod_request_data rw=1, func=1, addr=0x1000b, nbytes=1
[    9.544657] brcmfmac: brcmf_sdiod_request_data rw=1, func=1, addr=0x1000c, nbytes=1
[    9.544703] brcmfmac: brcmf_sdiod_ramrw read 2048 bytes at offset 0x00003000 in window 0x00000000
[    9.544950] brcmfmac: brcmf_sdiod_request_data rw=1, func=1, addr=0x1000a, nbytes=1
[    9.545009] brcmfmac: brcmf_sdiod_request_data rw=1, func=1, addr=0x1000b, nbytes=1
[    9.545065] brcmfmac: brcmf_sdiod_request_data rw=1, func=1, addr=0x1000c, nbytes=1
[    9.545138] brcmfmac: brcmf_sdiod_request_data rw=1, func=1, addr=0x1000a, nbytes=1
[    9.545196] brcmfmac: brcmf_sdiod_request_data rw=1, func=1, addr=0x1000b, nbytes=1
[    9.545248] brcmfmac: brcmf_sdiod_request_data rw=1, func=1, addr=0x1000c, nbytes=1
[    9.545291] brcmfmac: brcmf_sdiod_ramrw read 2048 bytes at offset 0x00003800 in window 0x00000000
[    9.545533] brcmfmac: brcmf_sdiod_request_data rw=1, func=1, addr=0x1000a, nbytes=1
[    9.545594] brcmfmac: brcmf_sdiod_request_data rw=1, func=1, addr=0x1000b, nbytes=1
[    9.545651] brcmfmac: brcmf_sdiod_request_data rw=1, func=1, addr=0x1000c, nbytes=1
[    9.545728] brcmfmac: brcmf_sdiod_request_data rw=1, func=1, addr=0x1000a, nbytes=1
[    9.545785] brcmfmac: brcmf_sdiod_request_data rw=1, func=1, addr=0x1000b, nbytes=1
[    9.545829] brcmfmac: brcmf_sdiod_request_data rw=1, func=1, addr=0x1000c, nbytes=1
[    9.545882] brcmfmac: brcmf_sdiod_ramrw read 2048 bytes at offset 0x00004000 in window 0x00000000
[    9.546125] brcmfmac: brcmf_sdiod_request_data rw=1, func=1, addr=0x1000a, nbytes=1
[    9.546184] brcmfmac: brcmf_sdiod_request_data rw=1, func=1, addr=0x1000b, nbytes=1
[    9.546240] brcmfmac: brcmf_sdiod_request_data rw=1, func=1, addr=0x1000c, nbytes=1
[    9.546304] brcmfmac: brcmf_sdiod_request_data rw=1, func=1, addr=0x1000a, nbytes=1
[    9.546361] brcmfmac: brcmf_sdiod_request_data rw=1, func=1, addr=0x1000b, nbytes=1
[    9.546413] brcmfmac: brcmf_sdiod_request_data rw=1, func=1, addr=0x1000c, nbytes=1
[    9.546464] brcmfmac: brcmf_sdiod_ramrw read 2048 bytes at offset 0x00004800 in window 0x00000000
[    9.546709] brcmfmac: brcmf_sdiod_request_data rw=1, func=1, addr=0x1000a, nbytes=1
[    9.546767] brcmfmac: brcmf_sdiod_request_data rw=1, func=1, addr=0x1000b, nbytes=1
[    9.546821] brcmfmac: brcmf_sdiod_request_data rw=1, func=1, addr=0x1000c, nbytes=1
[    9.546889] brcmfmac: brcmf_sdiod_request_data rw=1, func=1, addr=0x1000a, nbytes=1
[    9.546946] brcmfmac: brcmf_sdiod_request_data rw=1, func=1, addr=0x1000b, nbytes=1
[    9.546989] brcmfmac: brcmf_sdiod_request_data rw=1, func=1, addr=0x1000c, nbytes=1
[    9.547041] brcmfmac: brcmf_sdiod_ramrw read 2048 bytes at offset 0x00005000 in window 0x00000000
[    9.548834] brcmfmac: brcmf_sdiod_request_data rw=1, func=1, addr=0x1000a, nbytes=1
[    9.548925] brcmfmac: brcmf_sdiod_request_data rw=1, func=1, addr=0x1000b, nbytes=1
[    9.548984] brcmfmac: brcmf_sdiod_request_data rw=1, func=1, addr=0x1000c, nbytes=1
[    9.549066] brcmfmac: brcmf_sdiod_request_data rw=1, func=1, addr=0x1000a, nbytes=1
[    9.549123] brcmfmac: brcmf_sdiod_request_data rw=1, func=1, addr=0x1000b, nbytes=1
[    9.549175] brcmfmac: brcmf_sdiod_request_data rw=1, func=1, addr=0x1000c, nbytes=1
[    9.549229] brcmfmac: brcmf_sdiod_ramrw read 2048 bytes at offset 0x00005800 in window 0x00000000
[    9.549500] brcmfmac: brcmf_sdiod_request_data rw=1, func=1, addr=0x1000a, nbytes=1
[    9.549562] brcmfmac: brcmf_sdiod_request_data rw=1, func=1, addr=0x1000b, nbytes=1
[    9.549618] brcmfmac: brcmf_sdiod_request_data rw=1, func=1, addr=0x1000c, nbytes=1
[    9.549696] brcmfmac: brcmf_sdiod_request_data rw=1, func=1, addr=0x1000a, nbytes=1
[    9.549743] brcmfmac: brcmf_sdiod_request_data rw=1, func=1, addr=0x1000b, nbytes=1
[    9.549784] brcmfmac: brcmf_sdiod_request_data rw=1, func=1, addr=0x1000c, nbytes=1
[    9.549836] brcmfmac: brcmf_sdiod_ramrw read 2048 bytes at offset 0x00006000 in window 0x00000000
[    9.550077] brcmfmac: brcmf_sdiod_request_data rw=1, func=1, addr=0x1000a, nbytes=1
[    9.550133] brcmfmac: brcmf_sdiod_request_data rw=1, func=1, addr=0x1000b, nbytes=1
[    9.550188] brcmfmac: brcmf_sdiod_request_data rw=1, func=1, addr=0x1000c, nbytes=1
[    9.550262] brcmfmac: brcmf_sdiod_request_data rw=1, func=1, addr=0x1000a, nbytes=1
[    9.550319] brcmfmac: brcmf_sdiod_request_data rw=1, func=1, addr=0x1000b, nbytes=1
[    9.550372] brcmfmac: brcmf_sdiod_request_data rw=1, func=1, addr=0x1000c, nbytes=1
[    9.550433] brcmfmac: brcmf_sdiod_ramrw read 2048 bytes at offset 0x00006800 in window 0x00000000
[    9.553055] brcmfmac: brcmf_sdiod_request_data rw=1, func=1, addr=0x1000a, nbytes=1
[    9.553139] brcmfmac: brcmf_sdiod_request_data rw=1, func=1, addr=0x1000b, nbytes=1
[    9.553199] brcmfmac: brcmf_sdiod_request_data rw=1, func=1, addr=0x1000c, nbytes=1
[    9.553283] brcmfmac: brcmf_sdiod_request_data rw=1, func=1, addr=0x1000a, nbytes=1
[    9.553340] brcmfmac: brcmf_sdiod_request_data rw=1, func=1, addr=0x1000b, nbytes=1
[    9.553391] brcmfmac: brcmf_sdiod_request_data rw=1, func=1, addr=0x1000c, nbytes=1
[    9.553435] brcmfmac: brcmf_sdiod_ramrw read 2048 bytes at offset 0x00007000 in window 0x00000000
[    9.563107] brcmfmac: brcmf_sdiod_request_data rw=1, func=1, addr=0x1000a, nbytes=1
[    9.563190] brcmfmac: brcmf_sdiod_request_data rw=1, func=1, addr=0x1000b, nbytes=1
[    9.563249] brcmfmac: brcmf_sdiod_request_data rw=1, func=1, addr=0x1000c, nbytes=1
[    9.563330] brcmfmac: brcmf_sdiod_request_data rw=1, func=1, addr=0x1000a, nbytes=1
[    9.563379] brcmfmac: brcmf_sdiod_request_data rw=1, func=1, addr=0x1000b, nbytes=1
[    9.563422] brcmfmac: brcmf_sdiod_request_data rw=1, func=1, addr=0x1000c, nbytes=1
[    9.563473] brcmfmac: brcmf_sdiod_ramrw read 2048 bytes at offset 0x00007800 in window 0x00000000
[    9.568277] brcmfmac: brcmf_sdiod_request_data rw=1, func=1, addr=0x1000a, nbytes=1
[    9.568375] brcmfmac: brcmf_sdiod_request_data rw=1, func=1, addr=0x1000b, nbytes=1
[    9.568434] brcmfmac: brcmf_sdiod_request_data rw=1, func=1, addr=0x1000c, nbytes=1
[    9.568526] brcmfmac: brcmf_sdiod_request_data rw=1, func=1, addr=0x1000a, nbytes=1
[    9.568585] brcmfmac: brcmf_sdiod_request_data rw=1, func=1, addr=0x1000b, nbytes=1
[    9.568638] brcmfmac: brcmf_sdiod_request_data rw=1, func=1, addr=0x1000c, nbytes=1
[    9.568689] brcmfmac: brcmf_sdiod_ramrw read 2048 bytes at offset 0x00000000 in window 0x00008000
[    9.569076] brcmfmac: brcmf_sdiod_request_data rw=1, func=1, addr=0x1000a, nbytes=1
[    9.569140] brcmfmac: brcmf_sdiod_request_data rw=1, func=1, addr=0x1000b, nbytes=1
[    9.569196] brcmfmac: brcmf_sdiod_request_data rw=1, func=1, addr=0x1000c, nbytes=1
[    9.569270] brcmfmac: brcmf_sdiod_request_data rw=1, func=1, addr=0x1000a, nbytes=1
[    9.569326] brcmfmac: brcmf_sdiod_request_data rw=1, func=1, addr=0x1000b, nbytes=1
[    9.569376] brcmfmac: brcmf_sdiod_request_data rw=1, func=1, addr=0x1000c, nbytes=1
[    9.569575] brcmfmac: brcmf_sdiod_ramrw read 2048 bytes at offset 0x00000800 in window 0x00008000
[    9.570018] brcmfmac: brcmf_sdiod_request_data rw=1, func=1, addr=0x1000a, nbytes=1
[    9.570091] brcmfmac: brcmf_sdiod_request_data rw=1, func=1, addr=0x1000b, nbytes=1
[    9.570148] brcmfmac: brcmf_sdiod_request_data rw=1, func=1, addr=0x1000c, nbytes=1
[    9.570225] brcmfmac: brcmf_sdiod_request_data rw=1, func=1, addr=0x1000a, nbytes=1
[    9.570273] brcmfmac: brcmf_sdiod_request_data rw=1, func=1, addr=0x1000b, nbytes=1
[    9.570323] brcmfmac: brcmf_sdiod_request_data rw=1, func=1, addr=0x1000c, nbytes=1
[    9.570376] brcmfmac: brcmf_sdiod_ramrw read 2048 bytes at offset 0x00001000 in window 0x00008000
[    9.570814] brcmfmac: brcmf_sdiod_request_data rw=1, func=1, addr=0x1000a, nbytes=1
[    9.570876] brcmfmac: brcmf_sdiod_request_data rw=1, func=1, addr=0x1000b, nbytes=1
[    9.570931] brcmfmac: brcmf_sdiod_request_data rw=1, func=1, addr=0x1000c, nbytes=1
[    9.571002] brcmfmac: brcmf_sdiod_request_data rw=1, func=1, addr=0x1000a, nbytes=1
[    9.571057] brcmfmac: brcmf_sdiod_request_data rw=1, func=1, addr=0x1000b, nbytes=1
[    9.571135] brcmfmac: brcmf_sdiod_request_data rw=1, func=1, addr=0x1000c, nbytes=1
[    9.571196] brcmfmac: brcmf_sdiod_ramrw read 2048 bytes at offset 0x00001800 in window 0x00008000
[    9.572365] brcmfmac: brcmf_sdiod_request_data rw=1, func=1, addr=0x1000a, nbytes=1
[    9.572450] brcmfmac: brcmf_sdiod_request_data rw=1, func=1, addr=0x1000b, nbytes=1
[    9.572496] brcmfmac: brcmf_sdiod_request_data rw=1, func=1, addr=0x1000c, nbytes=1
[    9.572603] brcmfmac: brcmf_sdiod_request_data rw=1, func=1, addr=0x1000a, nbytes=1
[    9.572665] brcmfmac: brcmf_sdiod_request_data rw=1, func=1, addr=0x1000b, nbytes=1
[    9.572718] brcmfmac: brcmf_sdiod_request_data rw=1, func=1, addr=0x1000c, nbytes=1
[    9.573233] brcmfmac: brcmf_sdiod_ramrw read 2048 bytes at offset 0x00002000 in window 0x00008000
[    9.573990] brcmfmac: brcmf_sdiod_request_data rw=1, func=1, addr=0x1000a, nbytes=1
[    9.574067] brcmfmac: brcmf_sdiod_request_data rw=1, func=1, addr=0x1000b, nbytes=1
[    9.574123] brcmfmac: brcmf_sdiod_request_data rw=1, func=1, addr=0x1000c, nbytes=1
[    9.574201] brcmfmac: brcmf_sdiod_request_data rw=1, func=1, addr=0x1000a, nbytes=1
[    9.574761] brcmfmac: brcmf_sdiod_request_data rw=1, func=1, addr=0x1000b, nbytes=1
[    9.574831] brcmfmac: brcmf_sdiod_request_data rw=1, func=1, addr=0x1000c, nbytes=1
[    9.574890] brcmfmac: brcmf_sdiod_ramrw read 2048 bytes at offset 0x00002800 in window 0x00008000
[    9.575594] brcmfmac: brcmf_sdiod_request_data rw=1, func=1, addr=0x1000a, nbytes=1
[    9.575667] brcmfmac: brcmf_sdiod_request_data rw=1, func=1, addr=0x1000b, nbytes=1
[    9.575724] brcmfmac: brcmf_sdiod_request_data rw=1, func=1, addr=0x1000c, nbytes=1
[    9.575795] brcmfmac: brcmf_sdiod_request_data rw=1, func=1, addr=0x1000a, nbytes=1
[    9.576394] brcmfmac: brcmf_sdiod_request_data rw=1, func=1, addr=0x1000b, nbytes=1
[    9.576467] brcmfmac: brcmf_sdiod_request_data rw=1, func=1, addr=0x1000c, nbytes=1
[    9.578004] brcmfmac: brcmf_sdiod_ramrw read 2048 bytes at offset 0x00003000 in window 0x00008000
[    9.578836] brcmfmac: brcmf_sdiod_request_data rw=1, func=1, addr=0x1000a, nbytes=1
[    9.578916] brcmfmac: brcmf_sdiod_request_data rw=1, func=1, addr=0x1000b, nbytes=1
[    9.578973] brcmfmac: brcmf_sdiod_request_data rw=1, func=1, addr=0x1000c, nbytes=1
[    9.579053] brcmfmac: brcmf_sdiod_request_data rw=1, func=1, addr=0x1000a, nbytes=1
[    9.580069] brcmfmac: brcmf_sdiod_request_data rw=1, func=1, addr=0x1000b, nbytes=1
[    9.580149] brcmfmac: brcmf_sdiod_request_data rw=1, func=1, addr=0x1000c, nbytes=1
[    9.581211] brcmfmac: brcmf_sdiod_ramrw read 2048 bytes at offset 0x00003800 in window 0x00008000
[    9.582003] brcmfmac: brcmf_sdiod_request_data rw=1, func=1, addr=0x1000a, nbytes=1
[    9.582073] brcmfmac: brcmf_sdiod_request_data rw=1, func=1, addr=0x1000b, nbytes=1
[    9.582130] brcmfmac: brcmf_sdiod_request_data rw=1, func=1, addr=0x1000c, nbytes=1
[    9.585331] brcmfmac: brcmf_sdiod_request_data rw=1, func=1, addr=0x1000a, nbytes=1
[    9.585428] brcmfmac: brcmf_sdiod_request_data rw=1, func=1, addr=0x1000b, nbytes=1
[    9.593111] brcmfmac: brcmf_sdiod_request_data rw=1, func=1, addr=0x1000c, nbytes=1
[    9.593201] brcmfmac: brcmf_sdiod_ramrw read 2048 bytes at offset 0x00004000 in window 0x00008000
[    9.603103] brcmfmac: brcmf_sdiod_request_data rw=1, func=1, addr=0x1000a, nbytes=1
[    9.603189] brcmfmac: brcmf_sdiod_request_data rw=1, func=1, addr=0x1000b, nbytes=1
[    9.603247] brcmfmac: brcmf_sdiod_request_data rw=1, func=1, addr=0x1000c, nbytes=1
[    9.603337] brcmfmac: brcmf_sdiod_request_data rw=1, func=1, addr=0x1000a, nbytes=1
[    9.603385] brcmfmac: brcmf_sdiod_request_data rw=1, func=1, addr=0x1000b, nbytes=1
[    9.603438] brcmfmac: brcmf_sdiod_request_data rw=1, func=1, addr=0x1000c, nbytes=1
[    9.603493] brcmfmac: brcmf_sdiod_ramrw read 2048 bytes at offset 0x00004800 in window 0x00008000
[    9.606075] brcmfmac: brcmf_sdiod_request_data rw=1, func=1, addr=0x1000a, nbytes=1
[    9.606172] brcmfmac: brcmf_sdiod_request_data rw=1, func=1, addr=0x1000b, nbytes=1
[    9.606231] brcmfmac: brcmf_sdiod_request_data rw=1, func=1, addr=0x1000c, nbytes=1
[    9.606315] brcmfmac: brcmf_sdiod_request_data rw=1, func=1, addr=0x1000a, nbytes=1
[    9.606364] brcmfmac: brcmf_sdiod_request_data rw=1, func=1, addr=0x1000b, nbytes=1
[    9.606416] brcmfmac: brcmf_sdiod_request_data rw=1, func=1, addr=0x1000c, nbytes=1
[    9.606470] brcmfmac: brcmf_sdiod_ramrw read 2048 bytes at offset 0x00005000 in window 0x00008000
[    9.609237] brcmfmac: brcmf_sdiod_request_data rw=1, func=1, addr=0x1000a, nbytes=1
[    9.609337] brcmfmac: brcmf_sdiod_request_data rw=1, func=1, addr=0x1000b, nbytes=1
[    9.609397] brcmfmac: brcmf_sdiod_request_data rw=1, func=1, addr=0x1000c, nbytes=1
[    9.609480] brcmfmac: brcmf_sdiod_request_data rw=1, func=1, addr=0x1000a, nbytes=1
[    9.609538] brcmfmac: brcmf_sdiod_request_data rw=1, func=1, addr=0x1000b, nbytes=1
[    9.609591] brcmfmac: brcmf_sdiod_request_data rw=1, func=1, addr=0x1000c, nbytes=1
[    9.609644] brcmfmac: brcmf_sdiod_ramrw read 2048 bytes at offset 0x00005800 in window 0x00008000
[    9.609915] brcmfmac: brcmf_sdiod_request_data rw=1, func=1, addr=0x1000a, nbytes=1
[    9.609973] brcmfmac: brcmf_sdiod_request_data rw=1, func=1, addr=0x1000b, nbytes=1
[    9.610029] brcmfmac: brcmf_sdiod_request_data rw=1, func=1, addr=0x1000c, nbytes=1
[    9.610107] brcmfmac: brcmf_sdiod_request_data rw=1, func=1, addr=0x1000a, nbytes=1
[    9.610163] brcmfmac: brcmf_sdiod_request_data rw=1, func=1, addr=0x1000b, nbytes=1
[    9.610216] brcmfmac: brcmf_sdiod_request_data rw=1, func=1, addr=0x1000c, nbytes=1
[    9.610269] brcmfmac: brcmf_sdiod_ramrw read 2048 bytes at offset 0x00006000 in window 0x00008000
[    9.610517] brcmfmac: brcmf_sdiod_request_data rw=1, func=1, addr=0x1000a, nbytes=1
[    9.610575] brcmfmac: brcmf_sdiod_request_data rw=1, func=1, addr=0x1000b, nbytes=1
[    9.610629] brcmfmac: brcmf_sdiod_request_data rw=1, func=1, addr=0x1000c, nbytes=1
[    9.610702] brcmfmac: brcmf_sdiod_request_data rw=1, func=1, addr=0x1000a, nbytes=1
[    9.610759] brcmfmac: brcmf_sdiod_request_data rw=1, func=1, addr=0x1000b, nbytes=1
[    9.610809] brcmfmac: brcmf_sdiod_request_data rw=1, func=1, addr=0x1000c, nbytes=1
[    9.610861] brcmfmac: brcmf_sdiod_ramrw read 2048 bytes at offset 0x00006800 in window 0x00008000
[    9.611104] brcmfmac: brcmf_sdiod_request_data rw=1, func=1, addr=0x1000a, nbytes=1
[    9.611162] brcmfmac: brcmf_sdiod_request_data rw=1, func=1, addr=0x1000b, nbytes=1
[    9.611216] brcmfmac: brcmf_sdiod_request_data rw=1, func=1, addr=0x1000c, nbytes=1
[    9.611291] brcmfmac: brcmf_sdiod_request_data rw=1, func=1, addr=0x1000a, nbytes=1
[    9.611350] brcmfmac: brcmf_sdiod_request_data rw=1, func=1, addr=0x1000b, nbytes=1
[    9.611401] brcmfmac: brcmf_sdiod_request_data rw=1, func=1, addr=0x1000c, nbytes=1
[    9.611453] brcmfmac: brcmf_sdiod_ramrw read 2048 bytes at offset 0x00007000 in window 0x00008000
[    9.611697] brcmfmac: brcmf_sdiod_request_data rw=1, func=1, addr=0x1000a, nbytes=1
[    9.611755] brcmfmac: brcmf_sdiod_request_data rw=1, func=1, addr=0x1000b, nbytes=1
[    9.611810] brcmfmac: brcmf_sdiod_request_data rw=1, func=1, addr=0x1000c, nbytes=1
[    9.611882] brcmfmac: brcmf_sdiod_request_data rw=1, func=1, addr=0x1000a, nbytes=1
[    9.611931] brcmfmac: brcmf_sdiod_request_data rw=1, func=1, addr=0x1000b, nbytes=1
[    9.611984] brcmfmac: brcmf_sdiod_request_data rw=1, func=1, addr=0x1000c, nbytes=1
[    9.612035] brcmfmac: brcmf_sdiod_ramrw read 2048 bytes at offset 0x00007800 in window 0x00008000
[    9.612291] brcmfmac: brcmf_sdiod_request_data rw=1, func=1, addr=0x1000a, nbytes=1
[    9.612352] brcmfmac: brcmf_sdiod_request_data rw=1, func=1, addr=0x1000b, nbytes=1
[    9.612407] brcmfmac: brcmf_sdiod_request_data rw=1, func=1, addr=0x1000c, nbytes=1
[    9.612475] brcmfmac: brcmf_sdiod_request_data rw=1, func=1, addr=0x1000a, nbytes=1
[    9.612541] brcmfmac: brcmf_sdiod_request_data rw=1, func=1, addr=0x1000b, nbytes=1
[    9.612594] brcmfmac: brcmf_sdiod_request_data rw=1, func=1, addr=0x1000c, nbytes=1
[    9.612646] brcmfmac: brcmf_sdiod_ramrw read 2048 bytes at offset 0x00000000 in window 0x00010000
[    9.623097] brcmfmac: brcmf_sdiod_request_data rw=1, func=1, addr=0x1000a, nbytes=1
[    9.623185] brcmfmac: brcmf_sdiod_request_data rw=1, func=1, addr=0x1000b, nbytes=1
[    9.623244] brcmfmac: brcmf_sdiod_request_data rw=1, func=1, addr=0x1000c, nbytes=1
[    9.623323] brcmfmac: brcmf_sdiod_request_data rw=1, func=1, addr=0x1000a, nbytes=1
[    9.623380] brcmfmac: brcmf_sdiod_request_data rw=1, func=1, addr=0x1000b, nbytes=1
[    9.623433] brcmfmac: brcmf_sdiod_request_data rw=1, func=1, addr=0x1000c, nbytes=1
[    9.623486] brcmfmac: brcmf_sdiod_ramrw read 2048 bytes at offset 0x00000800 in window 0x00010000
[    9.625565] brcmfmac: brcmf_sdiod_request_data rw=1, func=1, addr=0x1000a, nbytes=1
[    9.625664] brcmfmac: brcmf_sdiod_request_data rw=1, func=1, addr=0x1000b, nbytes=1
[    9.625723] brcmfmac: brcmf_sdiod_request_data rw=1, func=1, addr=0x1000c, nbytes=1
[    9.625806] brcmfmac: brcmf_sdiod_request_data rw=1, func=1, addr=0x1000a, nbytes=1
[    9.625864] brcmfmac: brcmf_sdiod_request_data rw=1, func=1, addr=0x1000b, nbytes=1
[    9.625915] brcmfmac: brcmf_sdiod_request_data rw=1, func=1, addr=0x1000c, nbytes=1
[    9.625968] brcmfmac: brcmf_sdiod_ramrw read 2048 bytes at offset 0x00001000 in window 0x00010000
[    9.626375] brcmfmac: brcmf_sdiod_request_data rw=1, func=1, addr=0x1000a, nbytes=1
[    9.626445] brcmfmac: brcmf_sdiod_request_data rw=1, func=1, addr=0x1000b, nbytes=1
[    9.626503] brcmfmac: brcmf_sdiod_request_data rw=1, func=1, addr=0x1000c, nbytes=1
[    9.626572] brcmfmac: brcmf_sdiod_request_data rw=1, func=1, addr=0x1000a, nbytes=1
[    9.626619] brcmfmac: brcmf_sdiod_request_data rw=1, func=1, addr=0x1000b, nbytes=1
[    9.626673] brcmfmac: brcmf_sdiod_request_data rw=1, func=1, addr=0x1000c, nbytes=1
[    9.626725] brcmfmac: brcmf_sdiod_ramrw read 2048 bytes at offset 0x00001800 in window 0x00010000
[    9.627823] brcmfmac: brcmf_sdiod_request_data rw=1, func=1, addr=0x1000a, nbytes=1
[    9.627911] brcmfmac: brcmf_sdiod_request_data rw=1, func=1, addr=0x1000b, nbytes=1
[    9.627970] brcmfmac: brcmf_sdiod_request_data rw=1, func=1, addr=0x1000c, nbytes=1
[    9.628051] brcmfmac: brcmf_sdiod_request_data rw=1, func=1, addr=0x1000a, nbytes=1
[    9.628109] brcmfmac: brcmf_sdiod_request_data rw=1, func=1, addr=0x1000b, nbytes=1
[    9.628163] brcmfmac: brcmf_sdiod_request_data rw=1, func=1, addr=0x1000c, nbytes=1
[    9.628216] brcmfmac: brcmf_sdiod_ramrw read 2048 bytes at offset 0x00002000 in window 0x00010000
[    9.633064] brcmfmac: brcmf_sdiod_request_data rw=1, func=1, addr=0x1000a, nbytes=1
[    9.633151] brcmfmac: brcmf_sdiod_request_data rw=1, func=1, addr=0x1000b, nbytes=1
[    9.633213] brcmfmac: brcmf_sdiod_request_data rw=1, func=1, addr=0x1000c, nbytes=1
[    9.633295] brcmfmac: brcmf_sdiod_request_data rw=1, func=1, addr=0x1000a, nbytes=1
[    9.633353] brcmfmac: brcmf_sdiod_request_data rw=1, func=1, addr=0x1000b, nbytes=1
[    9.633405] brcmfmac: brcmf_sdiod_request_data rw=1, func=1, addr=0x1000c, nbytes=1
[    9.633456] brcmfmac: brcmf_sdiod_ramrw read 2048 bytes at offset 0x00002800 in window 0x00010000
[    9.643141] brcmfmac: brcmf_sdiod_request_data rw=1, func=1, addr=0x1000a, nbytes=1
[    9.643230] brcmfmac: brcmf_sdiod_request_data rw=1, func=1, addr=0x1000b, nbytes=1
[    9.643287] brcmfmac: brcmf_sdiod_request_data rw=1, func=1, addr=0x1000c, nbytes=1
[    9.643371] brcmfmac: brcmf_sdiod_request_data rw=1, func=1, addr=0x1000a, nbytes=1
[    9.643428] brcmfmac: brcmf_sdiod_request_data rw=1, func=1, addr=0x1000b, nbytes=1
[    9.643481] brcmfmac: brcmf_sdiod_request_data rw=1, func=1, addr=0x1000c, nbytes=1
[    9.643526] brcmfmac: brcmf_sdiod_ramrw read 2048 bytes at offset 0x00003000 in window 0x00010000
[    9.643805] brcmfmac: brcmf_sdiod_request_data rw=1, func=1, addr=0x1000a, nbytes=1
[    9.643884] brcmfmac: brcmf_sdiod_request_data rw=1, func=1, addr=0x1000b, nbytes=1
[    9.643928] brcmfmac: brcmf_sdiod_request_data rw=1, func=1, addr=0x1000c, nbytes=1
[    9.644001] brcmfmac: brcmf_sdiod_request_data rw=1, func=1, addr=0x1000a, nbytes=1
[    9.644059] brcmfmac: brcmf_sdiod_request_data rw=1, func=1, addr=0x1000b, nbytes=1
[    9.644103] brcmfmac: brcmf_sdiod_request_data rw=1, func=1, addr=0x1000c, nbytes=1
[    9.644154] brcmfmac: brcmf_sdiod_ramrw read 2048 bytes at offset 0x00003800 in window 0x00010000
[    9.644403] brcmfmac: brcmf_sdiod_request_data rw=1, func=1, addr=0x1000a, nbytes=1
[    9.644463] brcmfmac: brcmf_sdiod_request_data rw=1, func=1, addr=0x1000b, nbytes=1
[    9.644519] brcmfmac: brcmf_sdiod_request_data rw=1, func=1, addr=0x1000c, nbytes=1
[    9.644596] brcmfmac: brcmf_sdiod_request_data rw=1, func=1, addr=0x1000a, nbytes=1
[    9.644654] brcmfmac: brcmf_sdiod_request_data rw=1, func=1, addr=0x1000b, nbytes=1
[    9.644706] brcmfmac: brcmf_sdiod_request_data rw=1, func=1, addr=0x1000c, nbytes=1
[    9.644750] brcmfmac: brcmf_sdiod_ramrw read 2048 bytes at offset 0x00004000 in window 0x00010000
[    9.644992] brcmfmac: brcmf_sdiod_request_data rw=1, func=1, addr=0x1000a, nbytes=1
[    9.645052] brcmfmac: brcmf_sdiod_request_data rw=1, func=1, addr=0x1000b, nbytes=1
[    9.645106] brcmfmac: brcmf_sdiod_request_data rw=1, func=1, addr=0x1000c, nbytes=1
[    9.645171] brcmfmac: brcmf_sdiod_request_data rw=1, func=1, addr=0x1000a, nbytes=1
[    9.645228] brcmfmac: brcmf_sdiod_request_data rw=1, func=1, addr=0x1000b, nbytes=1
[    9.645272] brcmfmac: brcmf_sdiod_request_data rw=1, func=1, addr=0x1000c, nbytes=1
[    9.645324] brcmfmac: brcmf_sdiod_ramrw read 2048 bytes at offset 0x00004800 in window 0x00010000
[    9.645566] brcmfmac: brcmf_sdiod_request_data rw=1, func=1, addr=0x1000a, nbytes=1
[    9.645624] brcmfmac: brcmf_sdiod_request_data rw=1, func=1, addr=0x1000b, nbytes=1
[    9.645679] brcmfmac: brcmf_sdiod_request_data rw=1, func=1, addr=0x1000c, nbytes=1
[    9.645756] brcmfmac: brcmf_sdiod_request_data rw=1, func=1, addr=0x1000a, nbytes=1
[    9.645813] brcmfmac: brcmf_sdiod_request_data rw=1, func=1, addr=0x1000b, nbytes=1
[    9.645866] brcmfmac: brcmf_sdiod_request_data rw=1, func=1, addr=0x1000c, nbytes=1
[    9.645909] brcmfmac: brcmf_sdiod_ramrw read 2048 bytes at offset 0x00005000 in window 0x00010000
[    9.646151] brcmfmac: brcmf_sdiod_request_data rw=1, func=1, addr=0x1000a, nbytes=1
[    9.646209] brcmfmac: brcmf_sdiod_request_data rw=1, func=1, addr=0x1000b, nbytes=1
[    9.646265] brcmfmac: brcmf_sdiod_request_data rw=1, func=1, addr=0x1000c, nbytes=1
[    9.646338] brcmfmac: brcmf_sdiod_request_data rw=1, func=1, addr=0x1000a, nbytes=1
[    9.646397] brcmfmac: brcmf_sdiod_request_data rw=1, func=1, addr=0x1000b, nbytes=1
[    9.646448] brcmfmac: brcmf_sdiod_request_data rw=1, func=1, addr=0x1000c, nbytes=1
[    9.646493] brcmfmac: brcmf_sdiod_ramrw read 2048 bytes at offset 0x00005800 in window 0x00010000
[    9.648238] brcmfmac: brcmf_sdiod_request_data rw=1, func=1, addr=0x1000a, nbytes=1
[    9.648333] brcmfmac: brcmf_sdiod_request_data rw=1, func=1, addr=0x1000b, nbytes=1
[    9.648391] brcmfmac: brcmf_sdiod_request_data rw=1, func=1, addr=0x1000c, nbytes=1
[    9.648474] brcmfmac: brcmf_sdiod_request_data rw=1, func=1, addr=0x1000a, nbytes=1
[    9.648533] brcmfmac: brcmf_sdiod_request_data rw=1, func=1, addr=0x1000b, nbytes=1
[    9.648586] brcmfmac: brcmf_sdiod_request_data rw=1, func=1, addr=0x1000c, nbytes=1
[    9.648637] brcmfmac: brcmf_sdiod_ramrw read 2048 bytes at offset 0x00006000 in window 0x00010000
[    9.648910] brcmfmac: brcmf_sdiod_request_data rw=1, func=1, addr=0x1000a, nbytes=1
[    9.648970] brcmfmac: brcmf_sdiod_request_data rw=1, func=1, addr=0x1000b, nbytes=1
[    9.649024] brcmfmac: brcmf_sdiod_request_data rw=1, func=1, addr=0x1000c, nbytes=1
[    9.649099] brcmfmac: brcmf_sdiod_request_data rw=1, func=1, addr=0x1000a, nbytes=1
[    9.649155] brcmfmac: brcmf_sdiod_request_data rw=1, func=1, addr=0x1000b, nbytes=1
[    9.649200] brcmfmac: brcmf_sdiod_request_data rw=1, func=1, addr=0x1000c, nbytes=1
[    9.649252] brcmfmac: brcmf_sdiod_ramrw read 2048 bytes at offset 0x00006800 in window 0x00010000
[    9.649498] brcmfmac: brcmf_sdiod_request_data rw=1, func=1, addr=0x1000a, nbytes=1
[    9.649557] brcmfmac: brcmf_sdiod_request_data rw=1, func=1, addr=0x1000b, nbytes=1
[    9.649620] brcmfmac: brcmf_sdiod_request_data rw=1, func=1, addr=0x1000c, nbytes=1
[    9.649699] brcmfmac: brcmf_sdiod_request_data rw=1, func=1, addr=0x1000a, nbytes=1
[    9.649757] brcmfmac: brcmf_sdiod_request_data rw=1, func=1, addr=0x1000b, nbytes=1
[    9.649811] brcmfmac: brcmf_sdiod_request_data rw=1, func=1, addr=0x1000c, nbytes=1
[    9.649863] brcmfmac: brcmf_sdiod_ramrw read 2048 bytes at offset 0x00007000 in window 0x00010000
[    9.651659] brcmfmac: brcmf_sdiod_request_data rw=1, func=1, addr=0x1000a, nbytes=1
[    9.651754] brcmfmac: brcmf_sdiod_request_data rw=1, func=1, addr=0x1000b, nbytes=1
[    9.651814] brcmfmac: brcmf_sdiod_request_data rw=1, func=1, addr=0x1000c, nbytes=1
[    9.651894] brcmfmac: brcmf_sdiod_request_data rw=1, func=1, addr=0x1000a, nbytes=1
[    9.651949] brcmfmac: brcmf_sdiod_request_data rw=1, func=1, addr=0x1000b, nbytes=1
[    9.652002] brcmfmac: brcmf_sdiod_request_data rw=1, func=1, addr=0x1000c, nbytes=1
[    9.652055] brcmfmac: brcmf_sdiod_ramrw read 2048 bytes at offset 0x00007800 in window 0x00010000
[    9.653026] brcmfmac: brcmf_sdiod_request_data rw=1, func=1, addr=0x1000a, nbytes=1
[    9.653103] brcmfmac: brcmf_sdiod_request_data rw=1, func=1, addr=0x1000b, nbytes=1
[    9.653162] brcmfmac: brcmf_sdiod_request_data rw=1, func=1, addr=0x1000c, nbytes=1
[    9.653234] brcmfmac: brcmf_sdiod_request_data rw=1, func=1, addr=0x1000a, nbytes=1
[    9.653290] brcmfmac: brcmf_sdiod_request_data rw=1, func=1, addr=0x1000b, nbytes=1
[    9.653333] brcmfmac: brcmf_sdiod_request_data rw=1, func=1, addr=0x1000c, nbytes=1
[    9.653385] brcmfmac: brcmf_sdiod_ramrw read 2048 bytes at offset 0x00000000 in window 0x00018000
[    9.662671] brcmfmac: brcmf_sdiod_request_data rw=1, func=1, addr=0x1000a, nbytes=1
[    9.662770] brcmfmac: brcmf_sdiod_request_data rw=1, func=1, addr=0x1000b, nbytes=1
[    9.662829] brcmfmac: brcmf_sdiod_request_data rw=1, func=1, addr=0x1000c, nbytes=1
[    9.663024] brcmfmac: brcmf_sdiod_request_data rw=1, func=1, addr=0x1000a, nbytes=1
[    9.663093] brcmfmac: brcmf_sdiod_request_data rw=1, func=1, addr=0x1000b, nbytes=1
[    9.663148] brcmfmac: brcmf_sdiod_request_data rw=1, func=1, addr=0x1000c, nbytes=1
[    9.663202] brcmfmac: brcmf_sdiod_ramrw read 2048 bytes at offset 0x00000800 in window 0x00018000
[    9.663812] brcmfmac: brcmf_sdiod_request_data rw=1, func=1, addr=0x1000a, nbytes=1
[    9.663889] brcmfmac: brcmf_sdiod_request_data rw=1, func=1, addr=0x1000b, nbytes=1
[    9.663947] brcmfmac: brcmf_sdiod_request_data rw=1, func=1, addr=0x1000c, nbytes=1
[    9.664028] brcmfmac: brcmf_sdiod_request_data rw=1, func=1, addr=0x1000a, nbytes=1
[    9.664087] brcmfmac: brcmf_sdiod_request_data rw=1, func=1, addr=0x1000b, nbytes=1
[    9.664132] brcmfmac: brcmf_sdiod_request_data rw=1, func=1, addr=0x1000c, nbytes=1
[    9.664183] brcmfmac: brcmf_sdiod_ramrw read 2048 bytes at offset 0x00001000 in window 0x00018000
[    9.664679] brcmfmac: brcmf_sdiod_request_data rw=1, func=1, addr=0x1000a, nbytes=1
[    9.664752] brcmfmac: brcmf_sdiod_request_data rw=1, func=1, addr=0x1000b, nbytes=1
[    9.672450] brcmfmac: brcmf_sdiod_request_data rw=1, func=1, addr=0x1000c, nbytes=1
[    9.672568] brcmfmac: brcmf_sdiod_request_data rw=1, func=1, addr=0x1000a, nbytes=1
[    9.672629] brcmfmac: brcmf_sdiod_request_data rw=1, func=1, addr=0x1000b, nbytes=1
[    9.672674] brcmfmac: brcmf_sdiod_request_data rw=1, func=1, addr=0x1000c, nbytes=1
[    9.672727] brcmfmac: brcmf_sdiod_ramrw read 2048 bytes at offset 0x00001800 in window 0x00018000
[    9.673074] brcmfmac: brcmf_sdiod_request_data rw=1, func=1, addr=0x1000a, nbytes=1
[    9.673137] brcmfmac: brcmf_sdiod_request_data rw=1, func=1, addr=0x1000b, nbytes=1
[    9.673193] brcmfmac: brcmf_sdiod_request_data rw=1, func=1, addr=0x1000c, nbytes=1
[    9.673270] brcmfmac: brcmf_sdiod_request_data rw=1, func=1, addr=0x1000a, nbytes=1
[    9.673319] brcmfmac: brcmf_sdiod_request_data rw=1, func=1, addr=0x1000b, nbytes=1
[    9.673371] brcmfmac: brcmf_sdiod_request_data rw=1, func=1, addr=0x1000c, nbytes=1
[    9.673424] brcmfmac: brcmf_sdiod_ramrw read 2048 bytes at offset 0x00002000 in window 0x00018000
[    9.673678] brcmfmac: brcmf_sdiod_request_data rw=1, func=1, addr=0x1000a, nbytes=1
[    9.673737] brcmfmac: brcmf_sdiod_request_data rw=1, func=1, addr=0x1000b, nbytes=1
[    9.673792] brcmfmac: brcmf_sdiod_request_data rw=1, func=1, addr=0x1000c, nbytes=1
[    9.673865] brcmfmac: brcmf_sdiod_request_data rw=1, func=1, addr=0x1000a, nbytes=1
[    9.673924] brcmfmac: brcmf_sdiod_request_data rw=1, func=1, addr=0x1000b, nbytes=1
[    9.673978] brcmfmac: brcmf_sdiod_request_data rw=1, func=1, addr=0x1000c, nbytes=1
[    9.674031] brcmfmac: brcmf_sdiod_ramrw read 2048 bytes at offset 0x00002800 in window 0x00018000
[    9.683099] brcmfmac: brcmf_sdiod_request_data rw=1, func=1, addr=0x1000a, nbytes=1
[    9.683184] brcmfmac: brcmf_sdiod_request_data rw=1, func=1, addr=0x1000b, nbytes=1
[    9.683245] brcmfmac: brcmf_sdiod_request_data rw=1, func=1, addr=0x1000c, nbytes=1
[    9.683319] brcmfmac: brcmf_sdiod_request_data rw=1, func=1, addr=0x1000a, nbytes=1
[    9.683375] brcmfmac: brcmf_sdiod_request_data rw=1, func=1, addr=0x1000b, nbytes=1
[    9.683427] brcmfmac: brcmf_sdiod_request_data rw=1, func=1, addr=0x1000c, nbytes=1
[    9.683480] brcmfmac: brcmf_sdiod_ramrw read 2048 bytes at offset 0x00003000 in window 0x00018000
[    9.683767] brcmfmac: brcmf_sdiod_request_data rw=1, func=1, addr=0x1000a, nbytes=1
[    9.683830] brcmfmac: brcmf_sdiod_request_data rw=1, func=1, addr=0x1000b, nbytes=1
[    9.683886] brcmfmac: brcmf_sdiod_request_data rw=1, func=1, addr=0x1000c, nbytes=1
[    9.683959] brcmfmac: brcmf_sdiod_request_data rw=1, func=1, addr=0x1000a, nbytes=1
[    9.684009] brcmfmac: brcmf_sdiod_request_data rw=1, func=1, addr=0x1000b, nbytes=1
[    9.684062] brcmfmac: brcmf_sdiod_request_data rw=1, func=1, addr=0x1000c, nbytes=1
[    9.684115] brcmfmac: brcmf_sdiod_ramrw read 2048 bytes at offset 0x00003800 in window 0x00018000
[    9.684393] brcmfmac: brcmf_sdiod_request_data rw=1, func=1, addr=0x1000a, nbytes=1
[    9.684453] brcmfmac: brcmf_sdiod_request_data rw=1, func=1, addr=0x1000b, nbytes=1
[    9.684507] brcmfmac: brcmf_sdiod_request_data rw=1, func=1, addr=0x1000c, nbytes=1
[    9.684581] brcmfmac: brcmf_sdiod_request_data rw=1, func=1, addr=0x1000a, nbytes=1
[    9.684638] brcmfmac: brcmf_sdiod_request_data rw=1, func=1, addr=0x1000b, nbytes=1
[    9.684690] brcmfmac: brcmf_sdiod_request_data rw=1, func=1, addr=0x1000c, nbytes=1
[    9.684741] brcmfmac: brcmf_sdiod_ramrw read 2048 bytes at offset 0x00004000 in window 0x00018000
[    9.693071] brcmfmac: brcmf_sdiod_request_data rw=1, func=1, addr=0x1000a, nbytes=1
[    9.693161] brcmfmac: brcmf_sdiod_request_data rw=1, func=1, addr=0x1000b, nbytes=1
[    9.693219] brcmfmac: brcmf_sdiod_request_data rw=1, func=1, addr=0x1000c, nbytes=1
[    9.693302] brcmfmac: brcmf_sdiod_request_data rw=1, func=1, addr=0x1000a, nbytes=1
[    9.693359] brcmfmac: brcmf_sdiod_request_data rw=1, func=1, addr=0x1000b, nbytes=1
[    9.693404] brcmfmac: brcmf_sdiod_request_data rw=1, func=1, addr=0x1000c, nbytes=1
[    9.693456] brcmfmac: brcmf_sdiod_ramrw read 2048 bytes at offset 0x00004800 in window 0x00018000
[    9.694079] brcmfmac: brcmf_sdiod_request_data rw=1, func=1, addr=0x1000a, nbytes=1
[    9.694157] brcmfmac: brcmf_sdiod_request_data rw=1, func=1, addr=0x1000b, nbytes=1
[    9.694215] brcmfmac: brcmf_sdiod_request_data rw=1, func=1, addr=0x1000c, nbytes=1
[    9.694289] brcmfmac: brcmf_sdiod_request_data rw=1, func=1, addr=0x1000a, nbytes=1
[    9.694346] brcmfmac: brcmf_sdiod_request_data rw=1, func=1, addr=0x1000b, nbytes=1
[    9.694397] brcmfmac: brcmf_sdiod_request_data rw=1, func=1, addr=0x1000c, nbytes=1
[    9.694449] brcmfmac: brcmf_sdiod_ramrw read 2048 bytes at offset 0x00005000 in window 0x00018000
[    9.695312] brcmfmac: brcmf_sdiod_request_data rw=1, func=1, addr=0x1000a, nbytes=1
[    9.695389] brcmfmac: brcmf_sdiod_request_data rw=1, func=1, addr=0x1000b, nbytes=1
[    9.695434] brcmfmac: brcmf_sdiod_request_data rw=1, func=1, addr=0x1000c, nbytes=1
[    9.703121] brcmfmac: brcmf_sdiod_request_data rw=1, func=1, addr=0x1000a, nbytes=1
[    9.703208] brcmfmac: brcmf_sdiod_request_data rw=1, func=1, addr=0x1000b, nbytes=1
[    9.703267] brcmfmac: brcmf_sdiod_request_data rw=1, func=1, addr=0x1000c, nbytes=1
[    9.703322] brcmfmac: brcmf_sdiod_ramrw read 2048 bytes at offset 0x00005800 in window 0x00018000
[    9.703612] brcmfmac: brcmf_sdiod_request_data rw=1, func=1, addr=0x1000a, nbytes=1
[    9.703674] brcmfmac: brcmf_sdiod_request_data rw=1, func=1, addr=0x1000b, nbytes=1
[    9.703718] brcmfmac: brcmf_sdiod_request_data rw=1, func=1, addr=0x1000c, nbytes=1
[    9.703795] brcmfmac: brcmf_sdiod_request_data rw=1, func=1, addr=0x1000a, nbytes=1
[    9.703850] brcmfmac: brcmf_sdiod_request_data rw=1, func=1, addr=0x1000b, nbytes=1
[    9.703902] brcmfmac: brcmf_sdiod_request_data rw=1, func=1, addr=0x1000c, nbytes=1
[    9.703953] brcmfmac: brcmf_sdiod_ramrw read 2048 bytes at offset 0x00006000 in window 0x00018000
[    9.704193] brcmfmac: brcmf_sdiod_request_data rw=1, func=1, addr=0x1000a, nbytes=1
[    9.704251] brcmfmac: brcmf_sdiod_request_data rw=1, func=1, addr=0x1000b, nbytes=1
[    9.704305] brcmfmac: brcmf_sdiod_request_data rw=1, func=1, addr=0x1000c, nbytes=1
[    9.704376] brcmfmac: brcmf_sdiod_request_data rw=1, func=1, addr=0x1000a, nbytes=1
[    9.704433] brcmfmac: brcmf_sdiod_request_data rw=1, func=1, addr=0x1000b, nbytes=1
[    9.704484] brcmfmac: brcmf_sdiod_request_data rw=1, func=1, addr=0x1000c, nbytes=1
[    9.704534] brcmfmac: brcmf_sdiod_ramrw read 2048 bytes at offset 0x00006800 in window 0x00018000
[    9.704787] brcmfmac: brcmf_sdiod_request_data rw=1, func=1, addr=0x1000a, nbytes=1
[    9.704846] brcmfmac: brcmf_sdiod_request_data rw=1, func=1, addr=0x1000b, nbytes=1
[    9.704899] brcmfmac: brcmf_sdiod_request_data rw=1, func=1, addr=0x1000c, nbytes=1
[    9.704976] brcmfmac: brcmf_sdiod_request_data rw=1, func=1, addr=0x1000a, nbytes=1
[    9.705032] brcmfmac: brcmf_sdiod_request_data rw=1, func=1, addr=0x1000b, nbytes=1
[    9.705084] brcmfmac: brcmf_sdiod_request_data rw=1, func=1, addr=0x1000c, nbytes=1
[    9.705134] brcmfmac: brcmf_sdiod_ramrw read 2048 bytes at offset 0x00007000 in window 0x00018000
[    9.705379] brcmfmac: brcmf_sdiod_request_data rw=1, func=1, addr=0x1000a, nbytes=1
[    9.705436] brcmfmac: brcmf_sdiod_request_data rw=1, func=1, addr=0x1000b, nbytes=1
[    9.705488] brcmfmac: brcmf_sdiod_request_data rw=1, func=1, addr=0x1000c, nbytes=1
[    9.705560] brcmfmac: brcmf_sdiod_request_data rw=1, func=1, addr=0x1000a, nbytes=1
[    9.705615] brcmfmac: brcmf_sdiod_request_data rw=1, func=1, addr=0x1000b, nbytes=1
[    9.705657] brcmfmac: brcmf_sdiod_request_data rw=1, func=1, addr=0x1000c, nbytes=1
[    9.705708] brcmfmac: brcmf_sdiod_ramrw read 2048 bytes at offset 0x00007800 in window 0x00018000
[    9.706008] brcmfmac: brcmf_sdiod_request_data rw=1, func=1, addr=0x1000a, nbytes=1
[    9.706069] brcmfmac: brcmf_sdiod_request_data rw=1, func=1, addr=0x1000b, nbytes=1
[    9.706124] brcmfmac: brcmf_sdiod_request_data rw=1, func=1, addr=0x1000c, nbytes=1
[    9.706199] brcmfmac: brcmf_sdiod_request_data rw=1, func=1, addr=0x1000a, nbytes=1
[    9.706256] brcmfmac: brcmf_sdiod_request_data rw=1, func=1, addr=0x1000b, nbytes=1
[    9.706307] brcmfmac: brcmf_sdiod_request_data rw=1, func=1, addr=0x1000c, nbytes=1
[    9.706359] brcmfmac: brcmf_sdiod_ramrw read 2048 bytes at offset 0x00000000 in window 0x00020000
[    9.706632] brcmfmac: brcmf_sdiod_request_data rw=1, func=1, addr=0x1000a, nbytes=1
[    9.706692] brcmfmac: brcmf_sdiod_request_data rw=1, func=1, addr=0x1000b, nbytes=1
[    9.706747] brcmfmac: brcmf_sdiod_request_data rw=1, func=1, addr=0x1000c, nbytes=1
[    9.706821] brcmfmac: brcmf_sdiod_request_data rw=1, func=1, addr=0x1000a, nbytes=1
[    9.706879] brcmfmac: brcmf_sdiod_request_data rw=1, func=1, addr=0x1000b, nbytes=1
[    9.706932] brcmfmac: brcmf_sdiod_request_data rw=1, func=1, addr=0x1000c, nbytes=1
[    9.706982] brcmfmac: brcmf_sdiod_ramrw read 2048 bytes at offset 0x00000800 in window 0x00020000
[    9.709735] brcmfmac: brcmf_sdiod_request_data rw=1, func=1, addr=0x1000a, nbytes=1
[    9.709830] brcmfmac: brcmf_sdiod_request_data rw=1, func=1, addr=0x1000b, nbytes=1
[    9.709891] brcmfmac: brcmf_sdiod_request_data rw=1, func=1, addr=0x1000c, nbytes=1
[    9.709975] brcmfmac: brcmf_sdiod_request_data rw=1, func=1, addr=0x1000a, nbytes=1
[    9.710034] brcmfmac: brcmf_sdiod_request_data rw=1, func=1, addr=0x1000b, nbytes=1
[    9.710086] brcmfmac: brcmf_sdiod_request_data rw=1, func=1, addr=0x1000c, nbytes=1
[    9.710139] brcmfmac: brcmf_sdiod_ramrw read 2048 bytes at offset 0x00001000 in window 0x00020000
[    9.712526] brcmfmac: brcmf_sdiod_request_data rw=1, func=1, addr=0x1000a, nbytes=1
[    9.712622] brcmfmac: brcmf_sdiod_request_data rw=1, func=1, addr=0x1000b, nbytes=1
[    9.712682] brcmfmac: brcmf_sdiod_request_data rw=1, func=1, addr=0x1000c, nbytes=1
[    9.712761] brcmfmac: brcmf_sdiod_request_data rw=1, func=1, addr=0x1000a, nbytes=1
[    9.712809] brcmfmac: brcmf_sdiod_request_data rw=1, func=1, addr=0x1000b, nbytes=1
[    9.712862] brcmfmac: brcmf_sdiod_request_data rw=1, func=1, addr=0x1000c, nbytes=1
[    9.713000] brcmfmac: brcmf_sdiod_ramrw read 2048 bytes at offset 0x00001800 in window 0x00020000
[    9.713278] brcmfmac: brcmf_sdiod_request_data rw=1, func=1, addr=0x1000a, nbytes=1
[    9.713339] brcmfmac: brcmf_sdiod_request_data rw=1, func=1, addr=0x1000b, nbytes=1
[    9.713394] brcmfmac: brcmf_sdiod_request_data rw=1, func=1, addr=0x1000c, nbytes=1
[    9.713472] brcmfmac: brcmf_sdiod_request_data rw=1, func=1, addr=0x1000a, nbytes=1
[    9.713529] brcmfmac: brcmf_sdiod_request_data rw=1, func=1, addr=0x1000b, nbytes=1
[    9.713582] brcmfmac: brcmf_sdiod_request_data rw=1, func=1, addr=0x1000c, nbytes=1
[    9.713634] brcmfmac: brcmf_sdiod_ramrw read 2048 bytes at offset 0x00002000 in window 0x00020000
[    9.713882] brcmfmac: brcmf_sdiod_request_data rw=1, func=1, addr=0x1000a, nbytes=1
[    9.713952] brcmfmac: brcmf_sdiod_request_data rw=1, func=1, addr=0x1000b, nbytes=1
[    9.714008] brcmfmac: brcmf_sdiod_request_data rw=1, func=1, addr=0x1000c, nbytes=1
[    9.714080] brcmfmac: brcmf_sdiod_request_data rw=1, func=1, addr=0x1000a, nbytes=1
[    9.714136] brcmfmac: brcmf_sdiod_request_data rw=1, func=1, addr=0x1000b, nbytes=1
[    9.714188] brcmfmac: brcmf_sdiod_request_data rw=1, func=1, addr=0x1000c, nbytes=1
[    9.714232] brcmfmac: brcmf_sdiod_ramrw read 2048 bytes at offset 0x00002800 in window 0x00020000
[    9.723111] brcmfmac: brcmf_sdiod_request_data rw=1, func=1, addr=0x1000a, nbytes=1
[    9.723194] brcmfmac: brcmf_sdiod_request_data rw=1, func=1, addr=0x1000b, nbytes=1
[    9.723254] brcmfmac: brcmf_sdiod_request_data rw=1, func=1, addr=0x1000c, nbytes=1
[    9.723337] brcmfmac: brcmf_sdiod_request_data rw=1, func=1, addr=0x1000a, nbytes=1
[    9.723393] brcmfmac: brcmf_sdiod_request_data rw=1, func=1, addr=0x1000b, nbytes=1
[    9.723446] brcmfmac: brcmf_sdiod_request_data rw=1, func=1, addr=0x1000c, nbytes=1
[    9.723500] brcmfmac: brcmf_sdiod_ramrw read 2048 bytes at offset 0x00003000 in window 0x00020000
[    9.731844] brcmfmac: brcmf_sdiod_request_data rw=1, func=1, addr=0x1000a, nbytes=1
[    9.731935] brcmfmac: brcmf_sdiod_request_data rw=1, func=1, addr=0x1000b, nbytes=1
[    9.731994] brcmfmac: brcmf_sdiod_request_data rw=1, func=1, addr=0x1000c, nbytes=1
[    9.732073] brcmfmac: brcmf_sdiod_request_data rw=1, func=1, addr=0x1000a, nbytes=1
[    9.732132] brcmfmac: brcmf_sdiod_request_data rw=1, func=1, addr=0x1000b, nbytes=1
[    9.733198] brcmfmac: brcmf_sdiod_request_data rw=1, func=1, addr=0x1000c, nbytes=1
[    9.733278] brcmfmac: brcmf_sdiod_ramrw read 2048 bytes at offset 0x00003800 in window 0x00020000
[    9.743071] brcmfmac: brcmf_sdiod_request_data rw=1, func=1, addr=0x1000a, nbytes=1
[    9.743161] brcmfmac: brcmf_sdiod_request_data rw=1, func=1, addr=0x1000b, nbytes=1
[    9.743222] brcmfmac: brcmf_sdiod_request_data rw=1, func=1, addr=0x1000c, nbytes=1
[    9.743297] brcmfmac: brcmf_sdiod_request_data rw=1, func=1, addr=0x1000a, nbytes=1
[    9.743352] brcmfmac: brcmf_sdiod_request_data rw=1, func=1, addr=0x1000b, nbytes=1
[    9.743402] brcmfmac: brcmf_sdiod_request_data rw=1, func=1, addr=0x1000c, nbytes=1
[    9.743456] brcmfmac: brcmf_sdiod_ramrw read 2048 bytes at offset 0x00004000 in window 0x00020000
[    9.752286] brcmfmac: brcmf_sdiod_request_data rw=1, func=1, addr=0x1000a, nbytes=1
[    9.752387] brcmfmac: brcmf_sdiod_request_data rw=1, func=1, addr=0x1000b, nbytes=1
[    9.752447] brcmfmac: brcmf_sdiod_request_data rw=1, func=1, addr=0x1000c, nbytes=1
[    9.752528] brcmfmac: brcmf_sdiod_request_data rw=1, func=1, addr=0x1000a, nbytes=1
[    9.752593] brcmfmac: brcmf_sdiod_request_data rw=1, func=1, addr=0x1000b, nbytes=1
[    9.752644] brcmfmac: brcmf_sdiod_request_data rw=1, func=1, addr=0x1000c, nbytes=1
[    9.752697] brcmfmac: brcmf_sdiod_ramrw read 2048 bytes at offset 0x00004800 in window 0x00020000
[    9.753445] brcmfmac: brcmf_sdiod_request_data rw=1, func=1, addr=0x1000a, nbytes=1
[    9.753526] brcmfmac: brcmf_sdiod_request_data rw=1, func=1, addr=0x1000b, nbytes=1
[    9.753584] brcmfmac: brcmf_sdiod_request_data rw=1, func=1, addr=0x1000c, nbytes=1
[    9.753663] brcmfmac: brcmf_sdiod_request_data rw=1, func=1, addr=0x1000a, nbytes=1
[    9.753719] brcmfmac: brcmf_sdiod_request_data rw=1, func=1, addr=0x1000b, nbytes=1
[    9.753772] brcmfmac: brcmf_sdiod_request_data rw=1, func=1, addr=0x1000c, nbytes=1
[    9.753824] brcmfmac: brcmf_sdiod_ramrw read 2048 bytes at offset 0x00005000 in window 0x00020000
[    9.754677] brcmfmac: brcmf_sdiod_request_data rw=1, func=1, addr=0x1000a, nbytes=1
[    9.754754] brcmfmac: brcmf_sdiod_request_data rw=1, func=1, addr=0x1000b, nbytes=1
[    9.754811] brcmfmac: brcmf_sdiod_request_data rw=1, func=1, addr=0x1000c, nbytes=1
[    9.754881] brcmfmac: brcmf_sdiod_request_data rw=1, func=1, addr=0x1000a, nbytes=1
[    9.763099] brcmfmac: brcmf_sdiod_request_data rw=1, func=1, addr=0x1000b, nbytes=1
[    9.763182] brcmfmac: brcmf_sdiod_request_data rw=1, func=1, addr=0x1000c, nbytes=1
[    9.763243] brcmfmac: brcmf_sdiod_ramrw read 2048 bytes at offset 0x00005800 in window 0x00020000
[    9.766334] brcmfmac: brcmf_sdiod_request_data rw=1, func=1, addr=0x1000a, nbytes=1
[    9.766415] brcmfmac: brcmf_sdiod_request_data rw=1, func=1, addr=0x1000b, nbytes=1
[    9.766473] brcmfmac: brcmf_sdiod_request_data rw=1, func=1, addr=0x1000c, nbytes=1
[    9.766559] brcmfmac: brcmf_sdiod_request_data rw=1, func=1, addr=0x1000a, nbytes=1
[    9.766616] brcmfmac: brcmf_sdiod_request_data rw=1, func=1, addr=0x1000b, nbytes=1
[    9.766658] brcmfmac: brcmf_sdiod_request_data rw=1, func=1, addr=0x1000c, nbytes=1
[    9.766702] brcmfmac: brcmf_sdiod_ramrw read 2048 bytes at offset 0x00006000 in window 0x00020000
[    9.773125] brcmfmac: brcmf_sdiod_request_data rw=1, func=1, addr=0x1000a, nbytes=1
[    9.773213] brcmfmac: brcmf_sdiod_request_data rw=1, func=1, addr=0x1000b, nbytes=1
[    9.773273] brcmfmac: brcmf_sdiod_request_data rw=1, func=1, addr=0x1000c, nbytes=1
[    9.773349] brcmfmac: brcmf_sdiod_request_data rw=1, func=1, addr=0x1000a, nbytes=1
[    9.773405] brcmfmac: brcmf_sdiod_request_data rw=1, func=1, addr=0x1000b, nbytes=1
[    9.773457] brcmfmac: brcmf_sdiod_request_data rw=1, func=1, addr=0x1000c, nbytes=1
[    9.773503] brcmfmac: brcmf_sdiod_ramrw read 2048 bytes at offset 0x00006800 in window 0x00020000
[    9.773787] brcmfmac: brcmf_sdiod_request_data rw=1, func=1, addr=0x1000a, nbytes=1
[    9.773848] brcmfmac: brcmf_sdiod_request_data rw=1, func=1, addr=0x1000b, nbytes=1
[    9.773904] brcmfmac: brcmf_sdiod_request_data rw=1, func=1, addr=0x1000c, nbytes=1
[    9.773975] brcmfmac: brcmf_sdiod_request_data rw=1, func=1, addr=0x1000a, nbytes=1
[    9.774031] brcmfmac: brcmf_sdiod_request_data rw=1, func=1, addr=0x1000b, nbytes=1
[    9.774084] brcmfmac: brcmf_sdiod_request_data rw=1, func=1, addr=0x1000c, nbytes=1
[    9.774137] brcmfmac: brcmf_sdiod_ramrw read 2048 bytes at offset 0x00007000 in window 0x00020000
[    9.774388] brcmfmac: brcmf_sdiod_request_data rw=1, func=1, addr=0x1000a, nbytes=1
[    9.774453] brcmfmac: brcmf_sdiod_request_data rw=1, func=1, addr=0x1000b, nbytes=1
[    9.774530] brcmfmac: brcmf_sdiod_request_data rw=1, func=1, addr=0x1000c, nbytes=1
[    9.774609] brcmfmac: brcmf_sdiod_request_data rw=1, func=1, addr=0x1000a, nbytes=1
[    9.774667] brcmfmac: brcmf_sdiod_request_data rw=1, func=1, addr=0x1000b, nbytes=1
[    9.774719] brcmfmac: brcmf_sdiod_request_data rw=1, func=1, addr=0x1000c, nbytes=1
[    9.774772] brcmfmac: brcmf_sdiod_ramrw read 2048 bytes at offset 0x00007800 in window 0x00020000
[    9.775031] brcmfmac: brcmf_sdiod_request_data rw=1, func=1, addr=0x1000a, nbytes=1
[    9.775091] brcmfmac: brcmf_sdiod_request_data rw=1, func=1, addr=0x1000b, nbytes=1
[    9.775147] brcmfmac: brcmf_sdiod_request_data rw=1, func=1, addr=0x1000c, nbytes=1
[    9.775216] brcmfmac: brcmf_sdiod_request_data rw=1, func=1, addr=0x1000a, nbytes=1
[    9.775274] brcmfmac: brcmf_sdiod_request_data rw=1, func=1, addr=0x1000b, nbytes=1
[    9.775326] brcmfmac: brcmf_sdiod_request_data rw=1, func=1, addr=0x1000c, nbytes=1
[    9.775369] brcmfmac: brcmf_sdiod_ramrw read 2048 bytes at offset 0x00000000 in window 0x00028000
[    9.775612] brcmfmac: brcmf_sdiod_request_data rw=1, func=1, addr=0x1000a, nbytes=1
[    9.775670] brcmfmac: brcmf_sdiod_request_data rw=1, func=1, addr=0x1000b, nbytes=1
[    9.775726] brcmfmac: brcmf_sdiod_request_data rw=1, func=1, addr=0x1000c, nbytes=1
[    9.775799] brcmfmac: brcmf_sdiod_request_data rw=1, func=1, addr=0x1000a, nbytes=1
[    9.775856] brcmfmac: brcmf_sdiod_request_data rw=1, func=1, addr=0x1000b, nbytes=1
[    9.775909] brcmfmac: brcmf_sdiod_request_data rw=1, func=1, addr=0x1000c, nbytes=1
[    9.775952] brcmfmac: brcmf_sdiod_ramrw read 2048 bytes at offset 0x00000800 in window 0x00028000
[    9.776192] brcmfmac: brcmf_sdiod_request_data rw=1, func=1, addr=0x1000a, nbytes=1
[    9.776251] brcmfmac: brcmf_sdiod_request_data rw=1, func=1, addr=0x1000b, nbytes=1
[    9.776306] brcmfmac: brcmf_sdiod_request_data rw=1, func=1, addr=0x1000c, nbytes=1
[    9.776384] brcmfmac: brcmf_sdiod_request_data rw=1, func=1, addr=0x1000a, nbytes=1
[    9.776441] brcmfmac: brcmf_sdiod_request_data rw=1, func=1, addr=0x1000b, nbytes=1
[    9.776494] brcmfmac: brcmf_sdiod_request_data rw=1, func=1, addr=0x1000c, nbytes=1
[    9.776548] brcmfmac: brcmf_sdiod_ramrw read 2048 bytes at offset 0x00001000 in window 0x00028000
[    9.776798] brcmfmac: brcmf_sdiod_request_data rw=1, func=1, addr=0x1000a, nbytes=1
[    9.776858] brcmfmac: brcmf_sdiod_request_data rw=1, func=1, addr=0x1000b, nbytes=1
[    9.776912] brcmfmac: brcmf_sdiod_request_data rw=1, func=1, addr=0x1000c, nbytes=1
[    9.776983] brcmfmac: brcmf_sdiod_request_data rw=1, func=1, addr=0x1000a, nbytes=1
